Component: ARM Compiler 5.05 update 1 (build 106) Tool: armlink [4d0efa]

==============================================================================

Section Cross References

    main.o(i.main) refers to stm32f1xx_hal.o(i.HAL_Init) for HAL_Init
    main.o(i.main) refers to sys.o(i.Stm32_Clock_Init) for Stm32_Clock_Init
    main.o(i.main) refers to delay.o(i.delay_init) for delay_init
    main.o(i.main) refers to key.o(i.KEY_Init) for KEY_Init
    main.o(i.main) refers to led.o(i.LED_Init) for LED_Init
    main.o(i.main) refers to servo.o(i.UART1_Init) for UART1_Init
    main.o(i.main) refers to encoder.o(i.UART2_Init) for UART2_Init
    main.o(i.main) refers to raspi.o(i.UART3_Init) for UART3_Init
    main.o(i.main) refers to can.o(i.CAN1_Mode_Init) for CAN1_Mode_Init
    main.o(i.main) refers to can.o(i.CAN_Config) for CAN_Config
    main.o(i.main) refers to servo.o(i.start_motion_group) for start_motion_group
    main.o(i.main) refers to key.o(i.key_start) for key_start
    main.o(i.main) refers to delay.o(i.delay_ms) for delay_ms
    main.o(i.main) refers to timer.o(i.TIM3_Init) for TIM3_Init
    main.o(i.main) refers to can.o(i.SENSOR_Init) for SENSOR_Init
    main.o(i.main) refers to overall_control.o(i.run) for run
    main.o(i.main) refers to usmart_config.o(.data) for usmart_dev
    stm32f1xx_it.o(i.SysTick_Handler) refers to stm32f1xx_hal.o(i.HAL_IncTick) for HAL_IncTick
    system_stm32f1xx.o(i.SystemCoreClockUpdate) refers to system_stm32f1xx.o(.data) for SystemCoreClock
    system_stm32f1xx.o(i.SystemCoreClockUpdate) refers to system_stm32f1xx.o(.constdata) for AHBPrescTable
    startup_stm32f103xe.o(STACK) refers (Special) to heapauxi.o(.text) for __use_two_region_memory
    startup_stm32f103xe.o(HEAP) refers (Special) to heapauxi.o(.text) for __use_two_region_memory
    startup_stm32f103xe.o(RESET) refers (Special) to heapauxi.o(.text) for __use_two_region_memory
    startup_stm32f103xe.o(RESET) refers to startup_stm32f103xe.o(STACK) for __initial_sp
    startup_stm32f103xe.o(RESET) refers to startup_stm32f103xe.o(.text) for Reset_Handler
    startup_stm32f103xe.o(RESET) refers to stm32f1xx_it.o(i.NMI_Handler) for NMI_Handler
    startup_stm32f103xe.o(RESET) refers to stm32f1xx_it.o(i.HardFault_Handler) for HardFault_Handler
    startup_stm32f103xe.o(RESET) refers to stm32f1xx_it.o(i.MemManage_Handler) for MemManage_Handler
    startup_stm32f103xe.o(RESET) refers to stm32f1xx_it.o(i.BusFault_Handler) for BusFault_Handler
    startup_stm32f103xe.o(RESET) refers to stm32f1xx_it.o(i.UsageFault_Handler) for UsageFault_Handler
    startup_stm32f103xe.o(RESET) refers to stm32f1xx_it.o(i.SVC_Handler) for SVC_Handler
    startup_stm32f103xe.o(RESET) refers to stm32f1xx_it.o(i.DebugMon_Handler) for DebugMon_Handler
    startup_stm32f103xe.o(RESET) refers to stm32f1xx_it.o(i.PendSV_Handler) for PendSV_Handler
    startup_stm32f103xe.o(RESET) refers to stm32f1xx_it.o(i.SysTick_Handler) for SysTick_Handler
    startup_stm32f103xe.o(RESET) refers to can.o(i.USB_LP_CAN1_RX0_IRQHandler) for USB_LP_CAN1_RX0_IRQHandler
    startup_stm32f103xe.o(RESET) refers to timer.o(i.TIM3_IRQHandler) for TIM3_IRQHandler
    startup_stm32f103xe.o(RESET) refers to usmart.o(i.TIM4_IRQHandler) for TIM4_IRQHandler
    startup_stm32f103xe.o(RESET) refers to servo.o(i.USART1_IRQHandler) for USART1_IRQHandler
    startup_stm32f103xe.o(RESET) refers to encoder.o(i.USART2_IRQHandler) for USART2_IRQHandler
    startup_stm32f103xe.o(RESET) refers to raspi.o(i.USART3_IRQHandler) for USART3_IRQHandler
    startup_stm32f103xe.o(.text) refers (Special) to heapauxi.o(.text) for __use_two_region_memory
    startup_stm32f103xe.o(.text) refers to system_stm32f1xx.o(i.SystemInit) for SystemInit
    startup_stm32f103xe.o(.text) refers to __main.o(!!!main) for __main
    startup_stm32f103xe.o(.text) refers to startup_stm32f103xe.o(HEAP) for Heap_Mem
    startup_stm32f103xe.o(.text) refers to startup_stm32f103xe.o(STACK) for Stack_Mem
    stm32f1xx_hal.o(i.HAL_DeInit) refers to stm32f1xx_hal_msp.o(i.HAL_MspDeInit) for HAL_MspDeInit
    stm32f1xx_hal.o(i.HAL_Delay) refers to stm32f1xx_hal.o(i.HAL_GetTick) for HAL_GetTick
    stm32f1xx_hal.o(i.HAL_Delay) refers to stm32f1xx_hal.o(.data) for uwTickFreq
    stm32f1xx_hal.o(i.HAL_GetTick) refers to stm32f1xx_hal.o(.data) for uwTick
    stm32f1xx_hal.o(i.HAL_GetTickFreq) refers to stm32f1xx_hal.o(.data) for uwTickFreq
    stm32f1xx_hal.o(i.HAL_GetTickPrio) refers to stm32f1xx_hal.o(.data) for uwTickPrio
    stm32f1xx_hal.o(i.HAL_IncTick) refers to stm32f1xx_hal.o(.data) for uwTick
    stm32f1xx_hal.o(i.HAL_Init) refers to stm32f1xx_hal_cortex.o(i.HAL_NVIC_SetPriorityGrouping) for HAL_NVIC_SetPriorityGrouping
    stm32f1xx_hal.o(i.HAL_Init) refers to stm32f1xx_hal.o(i.HAL_InitTick) for HAL_InitTick
    stm32f1xx_hal.o(i.HAL_Init) refers to stm32f1xx_hal_msp.o(i.HAL_MspInit) for HAL_MspInit
[...]
    count                                    0x20000055   Data           1  encoder.o(.data)
    i                                        0x20000056   Data           1  encoder.o(.data)
    count                                    0x20000057   Data           1  encoder.o(.data)
    i                                        0x20000058   Data           1  encoder.o(.data)
    count                                    0x20000059   Data           1  encoder.o(.data)
    Raspimes                                 0x2000005a   Data           8  encoder.o(.data)
    .data                                    0x20000062   Section        1  raspi.o(.data)
    .data                                    0x20000064   Section       13  servo.o(.data)
    i                                        0x2000006c   Data           4  servo.o(.data)
    last_group                               0x20000070   Data           1  servo.o(.data)
    .data                                    0x20000074   Section       28  usmart.o(.data)
    .data                                    0x20000090   Section      276  usmart_config.o(.data)
    .data                                    0x200001a4   Section       12  underpan_control.o(.data)
    state                                    0x200001a8   Data           4  underpan_control.o(.data)
    state                                    0x200001ac   Data           4  underpan_control.o(.data)
    .data                                    0x200001b0   Section       64  overall_control.o(.data)
    state                                    0x200001c0   Data           1  overall_control.o(.data)
    temp_i                                   0x200001c1   Data           1  overall_control.o(.data)
    state                                    0x200001c2   Data           1  overall_control.o(.data)
    temp_i                                   0x200001c3   Data           1  overall_control.o(.data)
    state                                    0x200001c4   Data           1  overall_control.o(.data)
    temp_i                                   0x200001c5   Data           1  overall_control.o(.data)
    state                                    0x200001c8   Data           4  overall_control.o(.data)
    temp_i                                   0x200001cc   Data           1  overall_control.o(.data)
    state                                    0x200001cd   Data           1  overall_control.o(.data)
    temp_i                                   0x200001ce   Data           1  overall_control.o(.data)
    state                                    0x200001cf   Data           1  overall_control.o(.data)
    temp_i                                   0x200001d0   Data           1  overall_control.o(.data)
    state                                    0x200001d1   Data           1  overall_control.o(.data)
    temp_i                                   0x200001d2   Data           1  overall_control.o(.data)
    state                                    0x200001d3   Data           1  overall_control.o(.data)
    temp_i                                   0x200001d4   Data           1  overall_control.o(.data)
    state                                    0x200001d5   Data           1  overall_control.o(.data)
    temp_i                                   0x200001d6   Data           1  overall_control.o(.data)
    state                                    0x200001d7   Data           1  overall_control.o(.data)
    temp_i                                   0x200001d8   Data           1  overall_control.o(.data)
    state                                    0x200001dc   Data           4  overall_control.o(.data)
    temp_i                                   0x200001e0   Data           1  overall_control.o(.data)
    state                                    0x200001e1   Data           1  overall_control.o(.data)
    temp_i                                   0x200001e2   Data           1  overall_control.o(.data)
    state                                    0x200001e3   Data           1  overall_control.o(.data)
    temp_i                                   0x200001e4   Data           1  overall_control.o(.data)
    state                                    0x200001e5   Data           1  overall_control.o(.data)
    state                                    0x200001e8   Data           4  overall_control.o(.data)
    state                                    0x200001ec   Data           4  overall_control.o(.data)
    .bss                                     0x200001f0   Section      228  usart.o(.bss)
    .bss                                     0x200002d4   Section       86  lcd.o(.bss)
    .bss                                     0x2000032c   Section      184  can.o(.bss)
    .bss                                     0x200003e4   Section       96  pid.o(.bss)
    Bias                                     0x200003f4   Data          16  pid.o(.bss)
    Last_Bias                                0x20000404   Data          16  pid.o(.bss)
    Bias                                     0x20000414   Data          16  pid.o(.bss)
    Last_Bias                                0x20000424   Data          16  pid.o(.bss)
    Integral_Bias                            0x20000434   Data          16  pid.o(.bss)
    .bss                                     0x20000444   Section      112  encoder.o(.bss)
    posture                                  0x2000049c   Data          24  encoder.o(.bss)
    .bss                                     0x200004b4   Section       64  timer.o(.bss)
    .bss                                     0x200004f4   Section       83  raspi.o(.bss)
    .bss                                     0x20000548   Section       64  servo.o(.bss)
    .bss                                     0x20000588   Section       64  usmart.o(.bss)
    .bss                                     0x200005c8   Section       72  overall_control.o(.bss)
    .bss                                     0x20000610   Section       96  libspace.o(.bss)
    HEAP                                     0x20000670   Section      512  startup_stm32f103xe.o(HEAP)
    Heap_Mem                                 0x20000670   Data         512  startup_stm32f103xe.o(HEAP)
    STACK                                    0x20000870   Section     1024  startup_stm32f103xe.o(STACK)
    Stack_Mem                                0x20000870   Data        1024  startup_stm32f103xe.o(STACK)
    __initial_sp                             0x20000c70   Data           0  startup_stm32f103xe.o(STACK)

    Global Symbols

    Symbol Name                              Value     Ov Type        Size  Object(Section)

    BuildAttributes$$THM_ISAv4$P$D$K$B$S$PE$A:L22UL41UL21$X:L11$S22US41US21$IEEE1$IW$USESV6$~STKCKD$USESV7$~SHL$OSPACE$ROPI$EBA8$UX$STANDARDLIB$REQ8$PRES8$EABIv2 0x00000000   Number         0  anon$$obj.o ABSOLUTE
    __ARM_use_no_argv                        0x00000000   Number         0  main.o ABSOLUTE
    _printf_flags                            0x00000000   Number         0  printf_stubs.o ABSOLUTE
    _printf_return_value                     0x00000000   Number         0  printf_stubs.o ABSOLUTE
    _printf_sizespec                         0x00000000   Number         0  printf_stubs.o ABSOLUTE
    _printf_widthprec                        0x00000000   Number         0  printf_stubs.o ABSOLUTE
    __ARM_exceptions_init                     - Undefined Weak Reference
    __alloca_initialize                       - Undefined Weak Reference
    __arm_preinit_                            - Undefined Weak Reference
    __cpp_initialize__aeabi_                  - Undefined Weak Reference
    __cxa_finalize                            - Undefined Weak Reference
    __rt_locale                               - Undefined Weak Reference
    __sigvec_lookup                           - Undefined Weak Reference
    _atexit_init                              - Undefined Weak Reference
    _call_atexit_fns                          - Undefined Weak Reference
    _clock_init                               - Undefined Weak Reference
    _fp_trap_init                             - Undefined Weak Reference
    _fp_trap_shutdown                         - Undefined Weak Reference
    _get_lc_collate                           - Undefined Weak Reference
    _get_lc_ctype                             - Undefined Weak Reference
    _get_lc_monetary                          - Undefined Weak Reference
    _get_lc_numeric                           - Undefined Weak Reference
    _get_lc_time                              - Undefined Weak Reference
    _getenv_init                              - Undefined Weak Reference
    _handle_redirection                       - Undefined Weak Reference
    _init_alloc                               - Undefined Weak Reference
    _init_user_alloc                          - Undefined Weak Reference
    _initio                                   - Undefined Weak Reference
    _mutex_acquire                            - Undefined Weak Reference
    _mutex_release                            - Undefined Weak Reference
    _printf_mbtowc                            - Undefined Weak Reference
    _printf_truncate_signed                   - Undefined Weak Reference
    _printf_truncate_unsigned                 - Undefined Weak Reference
    _rand_init                                - Undefined Weak Reference
    _signal_finish                            - Undefined Weak Reference
    _signal_init                              - Undefined Weak Reference
    _terminate_alloc                          - Undefined Weak Reference
    _terminate_user_alloc                     - Undefined Weak Reference
    _terminateio                              - Undefined Weak Reference
    __Vectors_Size                           0x00000130   Number         0  startup_stm32f103xe.o ABSOLUTE
    __Vectors                                0x08000000   Data           4  startup_stm32f103xe.o(RESET)
    __Vectors_End                            0x08000130   Data           0  startup_stm32f103xe.o(RESET)
    __main                                   0x08000131   Thumb Code     8  __main.o(!!!main)
    __scatterload                            0x08000139   Thumb Code     0  __scatter.o(!!!scatter)
    __scatterload_rt2                        0x08000139   Thumb Code    44  __scatter.o(!!!scatter)
    __scatterload_rt2_thumb_only             0x08000139   Thumb Code     0  __scatter.o(!!!scatter)
    __scatterload_null                       0x08000147   Thumb Code     0  __scatter.o(!!!scatter)
    __decompress                             0x0800016d   Thumb Code    90  __dczerorl2.o(!!dczerorl2)
    __decompress1                            0x0800016d   Thumb Code     0  __dczerorl2.o(!!dczerorl2)
    __scatterload_zeroinit                   0x080001c9   Thumb Code    28  __scatter_zi.o(!!handler_zi)
    _printf_d                                0x080001e5   Thumb Code     0  _printf_d.o(.ARM.Collect$$_printf_percent$$00000009)
    _printf_percent                          0x080001e5   Thumb Code     0  _printf_percent.o(.ARM.Collect$$_printf_percent$$00000000)
    _printf_u                                0x080001eb   Thumb Code     0  _printf_u.o(.ARM.Collect$$_printf_percent$$0000000A)
    _printf_x                                0x080001f1   Thumb Code     0  _printf_x.o(.ARM.Collect$$_printf_percent$$0000000C)
    _printf_c                                0x080001f7   Thumb Code     0  _printf_c.o(.ARM.Collect$$_printf_percent$$00000013)
    _printf_s                                0x080001fd   Thumb Code     0  _printf_s.o(.ARM.Collect$$_printf_percent$$00000014)
    _printf_percent_end                      0x08000203   Thumb Code     0  _printf_percent_end.o(.ARM.Collect$$_printf_percent$$00000017)
    __rt_lib_init                            0x08000207   Thumb Code     0  libinit.o(.ARM.Collect$$libinit$$00000000)
    __rt_lib_init_alloca_1                   0x08000209   Thumb Code     0  libinit2.o(.ARM.Collect$$libinit$$0000002E)
    __rt_lib_init_argv_1                     0x08000209   Thumb Code     0  libinit2.o(.ARM.Collect$$libinit$$0000002C)
    __rt_lib_init_atexit_1                   0x08000209   Thumb Code     0  libinit2.o(.ARM.Collect$$libinit$$0000001B)
    __rt_lib_init_clock_1                    0x08000209   Thumb Code     0  libinit2.o(.ARM.Collect$$libinit$$00000021)
    __rt_lib_init_cpp_1                      0x08000209   Thumb Code     0  libinit2.o(.ARM.Collect$$libinit$$00000032)
    __rt_lib_init_exceptions_1               0x08000209   Thumb Code     0  libinit2.o(.ARM.Collect$$libinit$$00000030)
    __rt_lib_init_fp_1                       0x08000209   Thumb Code     0  libinit2.o(.ARM.Collect$$libinit$$00000002)
    __rt_lib_init_fp_trap_1                  0x08000209   Thumb Code     0  libinit2.o(.ARM.Collect$$libinit$$0000001F)
    __rt_lib_init_getenv_1                   0x08000209   Thumb Code     0  libinit2.o(.ARM.Collect$$libinit$$00000023)
    __rt_lib_init_heap_1                     0x08000209   Thumb Code     0  libinit2.o(.ARM.Collect$$libinit$$0000000A)
    __rt_lib_init_lc_collate_1               0x08000209   Thumb Code     0  libinit2.o(.ARM.Collect$$libinit$$00000011)
    __rt_lib_init_lc_ctype_1                 0x08000209   Thumb Code     0  libinit2.o(.ARM.Collect$$libinit$$00000013)
    __rt_lib_init_lc_monetary_1              0x08000209   Thumb Code     0  libinit2.o(.ARM.Collect$$libinit$$00000015)
    __rt_lib_init_lc_numeric_1               0x08000209   Thumb Code     0  libinit2.o(.ARM.Collect$$libinit$$00000017)
    __rt_lib_init_lc_time_1                  0x08000209   Thumb Code     0  libinit2.o(.ARM.Collect$$libinit$$00000019)
    __rt_lib_init_preinit_1                  0x08000209   Thumb Code     0  libinit2.o(.ARM.Collect$$libinit$$00000004)
    __rt_lib_init_rand_1                     0x08000209   Thumb Code     0  libinit2.o(.ARM.Collect$$libinit$$0000000E)
    __rt_lib_init_return                     0x08000209   Thumb Code     0  libinit2.o(.ARM.Collect$$libinit$$00000033)
    __rt_lib_init_signal_1                   0x08000209   Thumb Code     0  libinit2.o(.ARM.Collect$$libinit$$0000001D)
    __rt_lib_init_stdio_1                    0x08000209   Thumb Code     0  libinit2.o(.ARM.Collect$$libinit$$00000025)
    __rt_lib_init_user_alloc_1               0x08000209   Thumb Code     0  libinit2.o(.ARM.Collect$$libinit$$0000000C)
    __rt_lib_shutdown                        0x0800020b   Thumb Code     0  libshutdown.o(.ARM.Collect$$libshutdown$$00000000)
    __rt_lib_shutdown_fp_trap_1              0x0800020d   Thumb Code     0  libshutdown2.o(.ARM.Collect$$libshutdown$$00000006)
    __rt_lib_shutdown_heap_1                 0x0800020d   Thumb Code     0  libshutdown2.o(.ARM.Collect$$libshutdown$$0000000E)
    __rt_lib_shutdown_return                 0x0800020d   Thumb Code     0  libshutdown2.o(.ARM.Collect$$libshutdown$$0000000F)
    __rt_lib_shutdown_signal_1               0x0800020d   Thumb Code     0  libshutdown2.o(.ARM.Collect$$libshutdown$$00000009)
    __rt_lib_shutdown_stdio_1                0x0800020d   Thumb Code     0  libshutdown2.o(.ARM.Collect$$libshutdown$$00000003)
    __rt_lib_shutdown_user_alloc_1           0x0800020d   Thumb Code     0  libshutdown2.o(.ARM.Collect$$libshutdown$$0000000B)
    __rt_entry                               0x0800020f   Thumb Code     0  __rtentry.o(.ARM.Collect$$rtentry$$00000000)
    __rt_entry_presh_1                       0x0800020f   Thumb Code     0  __rtentry2.o(.ARM.Collect$$rtentry$$00000002)
    __rt_entry_sh                            0x0800020f   Thumb Code     0  __rtentry4.o(.ARM.Collect$$rtentry$$00000004)
    __rt_entry_li                            0x08000215   Thumb Code     0  __rtentry2.o(.ARM.Collect$$rtentry$$0000000A)
    __rt_entry_postsh_1                      0x08000215   Thumb Code     0  __rtentry2.o(.ARM.Collect$$rtentry$$00000009)
    __rt_entry_main                          0x08000219   Thumb Code     0  __rtentry2.o(.ARM.Collect$$rtentry$$0000000D)
    __rt_entry_postli_1                      0x08000219   Thumb Code     0  __rtentry2.o(.ARM.Collect$$rtentry$$0000000C)
    __rt_exit                                0x08000221   Thumb Code     0  rtexit.o(.ARM.Collect$$rtexit$$00000000)
    __rt_exit_ls                             0x08000223   Thumb Code     0  rtexit2.o(.ARM.Collect$$rtexit$$00000003)
    __rt_exit_prels_1                        0x08000223   Thumb Code     0  rtexit2.o(.ARM.Collect$$rtexit$$00000002)
    __rt_exit_exit                           0x08000227   Thumb Code     0  rtexit2.o(.ARM.Collect$$rtexit$$00000004)
    Reset_Handler                            0x0800022d   Thumb Code     8  startup_stm32f103xe.o(.text)
    ADC1_2_IRQHandler                        0x08000247   Thumb Code     0  startup_stm32f103xe.o(.text)
    ADC3_IRQHandler                          0x08000247   Thumb Code     0  startup_stm32f103xe.o(.text)
    CAN1_RX1_IRQHandler                      0x08000247   Thumb Code     0  startup_stm32f103xe.o(.text)
    CAN1_SCE_IRQHandler                      0x08000247   Thumb Code     0  startup_stm32f103xe.o(.text)
    DMA1_Channel1_IRQHandler                 0x08000247   Thumb Code     0  startup_stm32f103xe.o(.text)
    DMA1_Channel2_IRQHandler                 0x08000247   Thumb Code     0  startup_stm32f103xe.o(.text)
    DMA1_Channel3_IRQHandler                 0x08000247   Thumb Code     0  startup_stm32f103xe.o(.text)
    DMA1_Channel4_IRQHandler                 0x08000247   Thumb Code     0  startup_stm32f103xe.o(.text)
    DMA1_Channel5_IRQHandler                 0x08000247   Thumb Code     0  startup_stm32f103xe.o(.text)
    DMA1_Channel6_IRQHandler                 0x08000247   Thumb Code     0  startup_stm32f103xe.o(.text)
    DMA1_Channel7_IRQHandler                 0x08000247   Thumb Code     0  startup_stm32f103xe.o(.text)
    DMA2_Channel1_IRQHandler                 0x08000247   Thumb Code     0  startup_stm32f103xe.o(.text)
    DMA2_Channel2_IRQHandler                 0x08000247   Thumb Code     0  startup_stm32f103xe.o(.text)
    DMA2_Channel3_IRQHandler                 0x08000247   Thumb Code     0  startup_stm32f103xe.o(.text)
    DMA2_Channel4_5_IRQHandler               0x08000247   Thumb Code     0  startup_stm32f103xe.o(.text)
    EXTI0_IRQHandler                         0x08000247   Thumb Code     0  startup_stm32f103xe.o(.text)
    EXTI15_10_IRQHandler                     0x08000247   Thumb Code     0  startup_stm32f103xe.o(.text)
    EXTI1_IRQHandler                         0x08000247   Thumb Code     0  startup_stm32f103xe.o(.text)
    EXTI2_IRQHandler                         0x08000247   Thumb Code     0  startup_stm32f103xe.o(.text)
    EXTI3_IRQHandler                         0x08000247   Thumb Code     0  startup_stm32f103xe.o(.text)
    EXTI4_IRQHandler                         0x08000247   Thumb Code     0  startup_stm32f103xe.o(.text)
    EXTI9_5_IRQHandler                       0x08000247   Thumb Code     0  startup_stm32f103xe.o(.text)
    FLASH_IRQHandler                         0x08000247   Thumb Code     0  startup_stm32f103xe.o(.text)
    FSMC_IRQHandler                          0x08000247   Thumb Code     0  startup_stm32f103xe.o(.text)
    I2C1_ER_IRQHandler                       0x08000247   Thumb Code     0  startup_stm32f103xe.o(.text)
    I2C1_EV_IRQHandler                       0x08000247   Thumb Code     0  startup_stm32f103xe.o(.text)
    I2C2_ER_IRQHandler                       0x08000247   Thumb Code     0  startup_stm32f103xe.o(.text)
    I2C2_EV_IRQHandler                       0x08000247   Thumb Code     0  startup_stm32f103xe.o(.text)
    PVD_IRQHandler                           0x08000247   Thumb Code     0  startup_stm32f103xe.o(.text)
    RCC_IRQHandler                           0x08000247   Thumb Code     0  startup_stm32f103xe.o(.text)
    RTC_Alarm_IRQHandler                     0x08000247   Thumb Code     0  startup_stm32f103xe.o(.text)
    RTC_IRQHandler                           0x08000247   Thumb Code     0  startup_stm32f103xe.o(.text)
    SDIO_IRQHandler                          0x08000247   Thumb Code     0  startup_stm32f103xe.o(.text)
    SPI1_IRQHandler                          0x08000247   Thumb Code     0  startup_stm32f103xe.o(.text)
    SPI2_IRQHandler                          0x08000247   Thumb Code     0  startup_stm32f103xe.o(.text)
    SPI3_IRQHandler                          0x08000247   Thumb Code     0  startup_stm32f103xe.o(.text)
    TAMPER_IRQHandler                        0x08000247   Thumb Code     0  startup_stm32f103xe.o(.text)
    TIM1_BRK_IRQHandler                      0x08000247   Thumb Code     0  startup_stm32f103xe.o(.text)
    TIM1_CC_IRQHandler                       0x08000247   Thumb Code     0  startup_stm32f103xe.o(.text)
    TIM1_TRG_COM_IRQHandler                  0x08000247   Thumb Code     0  startup_stm32f103xe.o(.text)
    TIM1_UP_IRQHandler                       0x08000247   Thumb Code     0  startup_stm32f103xe.o(.text)
    TIM2_IRQHandler                          0x08000247   Thumb Code     0  startup_stm32f103xe.o(.text)
    TIM5_IRQHandler                          0x08000247   Thumb Code     0  startup_stm32f103xe.o(.text)
    TIM6_IRQHandler                          0x08000247   Thumb Code     0  startup_stm32f103xe.o(.text)
    TIM7_IRQHandler                          0x08000247   Thumb Code     0  startup_stm32f103xe.o(.text)
    TIM8_BRK_IRQHandler                      0x08000247   Thumb Code     0  startup_stm32f103xe.o(.text)
    TIM8_CC_IRQHandler                       0x08000247   Thumb Code     0  startup_stm32f103xe.o(.text)
    TIM8_TRG_COM_IRQHandler                  0x08000247   Thumb Code     0  startup_stm32f103xe.o(.text)
    TIM8_UP_IRQHandler                       0x08000247   Thumb Code     0  startup_stm32f103xe.o(.text)
    UART4_IRQHandler                         0x08000247   Thumb Code     0  startup_stm32f103xe.o(.text)
    UART5_IRQHandler                         0x08000247   Thumb Code     0  startup_stm32f103xe.o(.text)
    USBWakeUp_IRQHandler                     0x08000247   Thumb Code     0  startup_stm32f103xe.o(.text)
    USB_HP_CAN1_TX_IRQHandler                0x08000247   Thumb Code     0  startup_stm32f103xe.o(.text)
    WWDG_IRQHandler                          0x08000247   Thumb Code     0  startup_stm32f103xe.o(.text)
    __user_initial_stackheap                 0x08000249   Thumb Code     0  startup_stm32f103xe.o(.text)
    __use_no_semihosting                     0x0800026d   Thumb Code     2  use_no_semi_2.o(.text)
    __2printf                                0x08000271   Thumb Code    20  noretval__2printf.o(.text)
    _printf_pre_padding                      0x08000289   Thumb Code    44  _printf_pad.o(.text)
    _printf_post_padding                     0x080002b5   Thumb Code    34  _printf_pad.o(.text)
    _printf_str                              0x080002d7   Thumb Code    82  _printf_str.o(.text)
    _printf_int_dec                          0x08000329   Thumb Code   104  _printf_dec.o(.text)
    _printf_int_hex                          0x080003a1   Thumb Code    84  _printf_hex_int.o(.text)
    _printf_longlong_hex                     0x080003a1   Thumb Code     0  _printf_hex_int.o(.text)
    __printf                                 0x080003f9   Thumb Code   388  __printf_flags_ss_wp.o(.text)
    __aeabi_memcpy4                          0x08000581   Thumb Code     0  rt_memcpy_w.o(.text)
    __aeabi_memcpy8                          0x08000581   Thumb Code     0  rt_memcpy_w.o(.text)
    __rt_memcpy_w                            0x08000581   Thumb Code   100  rt_memcpy_w.o(.text)
    _memcpy_lastbytes_aligned                0x080005c9   Thumb Code     0  rt_memcpy_w.o(.text)
    strcmp                                   0x080005e5   Thumb Code   128  strcmpv7m.o(.text)
    __use_two_region_memory                  0x08000665   Thumb Code     2  heapauxi.o(.text)
    __rt_heap_escrow$2region                 0x08000667   Thumb Code     2  heapauxi.o(.text)
    __rt_heap_expand$2region                 0x08000669   Thumb Code     2  heapauxi.o(.text)
    __I$use$semihosting                      0x0800066b   Thumb Code     0  use_no_semi.o(.text)
    __use_no_semihosting_swi                 0x0800066b   Thumb Code     2  use_no_semi.o(.text)
    _printf_int_common                       0x0800066d   Thumb Code   178  _printf_intcommon.o(.text)
    _printf_cs_common                        0x0800071f   Thumb Code    20  _printf_char.o(.text)
    _printf_char                             0x08000733   Thumb Code    16  _printf_char.o(.text)
    _printf_string                           0x08000743   Thumb Code     8  _printf_char.o(.text)
    _printf_char_file                        0x0800074d   Thumb Code    32  _printf_char_file.o(.text)
    _printf_char_common                      0x0800077b   Thumb Code    32  _printf_char_common.o(.text)
    ferror                                   0x080007a1   Thumb Code     8  ferror.o(.text)
    __user_setup_stackheap                   0x080007a9   Thumb Code    74  sys_stackheap_outer.o(.text)
    exit                                     0x080007f3   Thumb Code    12  exit.o(.text)
    __user_libspace                          0x08000801   Thumb Code     8  libspace.o(.text)
    __user_perproc_libspace                  0x08000801   Thumb Code     0  libspace.o(.text)
    __user_perthread_libspace                0x08000801   Thumb Code     0  libspace.o(.text)
    BusFault_Handler                         0x08000809   Thumb Code     4  stm32f1xx_it.o(i.BusFault_Handler)
    CAN1_Mode_Init                           0x0800080d   Thumb Code    86  can.o(i.CAN1_Mode_Init)
    CAN1_Send_Linesensor_Msg                 0x0800086d   Thumb Code    88  can.o(i.CAN1_Send_Linesensor_Msg)
    CAN1_Send_Motor_Msg                      0x080008d1   Thumb Code    88  can.o(i.CAN1_Send_Motor_Msg)
    CAN_Config                               0x08000935   Thumb Code   114  can.o(i.CAN_Config)
    CAN_Error_Handler                        0x080009b5   Thumb Code    26  can.o(i.CAN_Error_Handler)
    DebugMon_Handler                         0x080009dd   Thumb Code     2  stm32f1xx_it.o(i.DebugMon_Handler)
    HAL_CAN_ActivateNotification             0x080009df   Thumb Code    42  stm32f1xx_hal_can.o(i.HAL_CAN_ActivateNotification)
    HAL_CAN_AddTxMessage                     0x08000a09   Thumb Code   342  stm32f1xx_hal_can.o(i.HAL_CAN_AddTxMessage)
    HAL_CAN_ConfigFilter                     0x08000b5f   Thumb Code   266  stm32f1xx_hal_can.o(i.HAL_CAN_ConfigFilter)
    HAL_CAN_ErrorCallback                    0x08000c69   Thumb Code     2  stm32f1xx_hal_can.o(i.HAL_CAN_ErrorCallback)
    HAL_CAN_GetRxFifoFillLevel               0x08000c6b   Thumb Code    40  stm32f1xx_hal_can.o(i.HAL_CAN_GetRxFifoFillLevel)
    HAL_CAN_GetRxMessage                     0x08000c93   Thumb Code   378  stm32f1xx_hal_can.o(i.HAL_CAN_GetRxMessage)
    HAL_CAN_GetTxMailboxesFreeLevel          0x08000e0d   Thumb Code    54  stm32f1xx_hal_can.o(i.HAL_CAN_GetTxMailboxesFreeLevel)
    HAL_CAN_IRQHandler                       0x08000e43   Thumb Code   590  stm32f1xx_hal_can.o(i.HAL_CAN_IRQHandler)
    HAL_CAN_Init                             0x08001091   Thumb Code   434  stm32f1xx_hal_can.o(i.HAL_CAN_Init)
    HAL_CAN_MspInit                          0x0800127d   Thumb Code   128  can.o(i.HAL_CAN_MspInit)
    HAL_CAN_RegisterCallback                 0x08001305   Thumb Code   178  stm32f1xx_hal_can.o(i.HAL_CAN_RegisterCallback)
    HAL_CAN_RxFifo0FullCallback              0x080013b7   Thumb Code     2  stm32f1xx_hal_can.o(i.HAL_CAN_RxFifo0FullCallback)
    HAL_CAN_RxFifo0MsgPendingCallback        0x080013b9   Thumb Code   168  can.o(i.HAL_CAN_RxFifo0MsgPendingCallback)
    HAL_CAN_RxFifo1FullCallback              0x08001471   Thumb Code     2  stm32f1xx_hal_can.o(i.HAL_CAN_RxFifo1FullCallback)
    HAL_CAN_RxFifo1MsgPendingCallback        0x08001473   Thumb Code     2  stm32f1xx_hal_can.o(i.HAL_CAN_RxFifo1MsgPendingCallback)
    HAL_CAN_SleepCallback                    0x08001475   Thumb Code     2  stm32f1xx_hal_can.o(i.HAL_CAN_SleepCallback)
    HAL_CAN_Start                            0x08001477   Thumb Code    94  stm32f1xx_hal_can.o(i.HAL_CAN_Start)
    HAL_CAN_TxMailbox0AbortCallback          0x080014d5   Thumb Code     2  stm32f1xx_hal_can.o(i.HAL_CAN_TxMailbox0AbortCallback)
    HAL_CAN_TxMailbox0CompleteCallback       0x080014d7   Thumb Code     2  stm32f1xx_hal_can.o(i.HAL_CAN_TxMailbox0CompleteCallback)
    HAL_CAN_TxMailbox1AbortCallback          0x080014d9   Thumb Code     2  stm32f1xx_hal_can.o(i.HAL_CAN_TxMailbox1AbortCallback)
    HAL_CAN_TxMailbox1CompleteCallback       0x080014db   Thumb Code     2  stm32f1xx_hal_can.o(i.HAL_CAN_TxMailbox1CompleteCallback)
    HAL_CAN_TxMailbox2AbortCallback          0x080014dd   Thumb Code     2  stm32f1xx_hal_can.o(i.HAL_CAN_TxMailbox2AbortCallback)
    HAL_CAN_TxMailbox2CompleteCallback       0x080014df   Thumb Code     2  stm32f1xx_hal_can.o(i.HAL_CAN_TxMailbox2CompleteCallback)
    HAL_CAN_WakeUpFromRxMsgCallback          0x080014e1   Thumb Code     2  stm32f1xx_hal_can.o(i.HAL_CAN_WakeUpFromRxMsgCallback)
    HAL_DMA_Abort_IT                         0x080014e5   Thumb Code   414  stm32f1xx_hal_dma.o(i.HAL_DMA_Abort_IT)
    HAL_GPIO_Init                            0x0800168d   Thumb Code   792  stm32f1xx_hal_gpio.o(i.HAL_GPIO_Init)
    HAL_GPIO_ReadPin                         0x080019cd   Thumb Code    16  stm32f1xx_hal_gpio.o(i.HAL_GPIO_ReadPin)
    HAL_GPIO_WritePin                        0x080019dd   Thumb Code    12  stm32f1xx_hal_gpio.o(i.HAL_GPIO_WritePin)
    HAL_GetTick                              0x080019e9   Thumb Code     6  stm32f1xx_hal.o(i.HAL_GetTick)
    HAL_IncTick                              0x080019f5   Thumb Code    16  stm32f1xx_hal.o(i.HAL_IncTick)
    HAL_Init                                 0x08001a0d   Thumb Code    34  stm32f1xx_hal.o(i.HAL_Init)
    HAL_InitTick                             0x08001a35   Thumb Code    64  stm32f1xx_hal.o(i.HAL_InitTick)
    HAL_MspInit                              0x08001a81   Thumb Code     2  stm32f1xx_hal_msp.o(i.HAL_MspInit)
    HAL_NVIC_EnableIRQ                       0x08001a83   Thumb Code    32  stm32f1xx_hal_cortex.o(i.HAL_NVIC_EnableIRQ)
    HAL_NVIC_SetPriority                     0x08001aa3   Thumb Code   124  stm32f1xx_hal_cortex.o(i.HAL_NVIC_SetPriority)
    HAL_NVIC_SetPriorityGrouping             0x08001b21   Thumb Code    32  stm32f1xx_hal_cortex.o(i.HAL_NVIC_SetPriorityGrouping)
    HAL_RCC_ClockConfig                      0x08001b49   Thumb Code   376  stm32f1xx_hal_rcc.o(i.HAL_RCC_ClockConfig)
    HAL_RCC_GetHCLKFreq                      0x08001cd5   Thumb Code     6  stm32f1xx_hal_rcc.o(i.HAL_RCC_GetHCLKFreq)
    HAL_RCC_GetPCLK1Freq                     0x08001ce1   Thumb Code    22  stm32f1xx_hal_rcc.o(i.HAL_RCC_GetPCLK1Freq)
    HAL_RCC_GetPCLK2Freq                     0x08001d01   Thumb Code    22  stm32f1xx_hal_rcc.o(i.HAL_RCC_GetPCLK2Freq)
    HAL_RCC_GetSysClockFreq                  0x08001d21   Thumb Code   116  stm32f1xx_hal_rcc.o(i.HAL_RCC_GetSysClockFreq)
    HAL_RCC_OscConfig                        0x08001db5   Thumb Code  1114  stm32f1xx_hal_rcc.o(i.HAL_RCC_OscConfig)
    HAL_SYSTICK_CLKSourceConfig              0x08002219   Thumb Code    40  stm32f1xx_hal_cortex.o(i.HAL_SYSTICK_CLKSourceConfig)
    HAL_SYSTICK_Config                       0x08002241   Thumb Code    52  stm32f1xx_hal_cortex.o(i.HAL_SYSTICK_Config)
    HAL_TIMEx_BreakCallback                  0x08002275   Thumb Code     2  stm32f1xx_hal_tim_ex.o(i.HAL_TIMEx_BreakCallback)
    HAL_TIMEx_CommutCallback                 0x08002277   Thumb Code     2  stm32f1xx_hal_tim_ex.o(i.HAL_TIMEx_CommutCallback)
    HAL_TIM_Base_Init                        0x08002279   Thumb Code    52  stm32f1xx_hal_tim.o(i.HAL_TIM_Base_Init)
    HAL_TIM_Base_MspInit                     0x080022ad   Thumb Code    58  timer.o(i.HAL_TIM_Base_MspInit)
    HAL_TIM_Base_Start_IT                    0x080022f1   Thumb Code    42  stm32f1xx_hal_tim.o(i.HAL_TIM_Base_Start_IT)
    HAL_TIM_IC_CaptureCallback               0x0800231b   Thumb Code     2  stm32f1xx_hal_tim.o(i.HAL_TIM_IC_CaptureCallback)
    HAL_TIM_IRQHandler                       0x0800231d   Thumb Code   406  stm32f1xx_hal_tim.o(i.HAL_TIM_IRQHandler)
    HAL_TIM_OC_DelayElapsedCallback          0x080024b3   Thumb Code     2  stm32f1xx_hal_tim.o(i.HAL_TIM_OC_DelayElapsedCallback)
    HAL_TIM_PWM_PulseFinishedCallback        0x080024b5   Thumb Code     2  stm32f1xx_hal_tim.o(i.HAL_TIM_PWM_PulseFinishedCallback)
    HAL_TIM_PeriodElapsedCallback            0x080024b9   Thumb Code    60  timer.o(i.HAL_TIM_PeriodElapsedCallback)
    HAL_TIM_TriggerCallback                  0x08002501   Thumb Code     2  stm32f1xx_hal_tim.o(i.HAL_TIM_TriggerCallback)
    HAL_UART_ErrorCallback                   0x08002503   Thumb Code     2  stm32f1xx_hal_uart.o(i.HAL_UART_ErrorCallback)
    HAL_UART_IRQHandler                      0x08002505   Thumb Code   326  stm32f1xx_hal_uart.o(i.HAL_UART_IRQHandler)
    HAL_UART_Init                            0x08002651   Thumb Code   114  stm32f1xx_hal_uart.o(i.HAL_UART_Init)
    HAL_UART_MspInit                         0x080026c5   Thumb Code   446  encoder.o(i.HAL_UART_MspInit)
    HAL_UART_Receive_IT                      0x0800289d   Thumb Code   112  stm32f1xx_hal_uart.o(i.HAL_UART_Receive_IT)
    HAL_UART_RxCpltCallback                  0x0800290d   Thumb Code   926  encoder.o(i.HAL_UART_RxCpltCallback)
    HAL_UART_Transmit                        0x08002cfd   Thumb Code   214  stm32f1xx_hal_uart.o(i.HAL_UART_Transmit)
    HAL_UART_TxCpltCallback                  0x08002dd3   Thumb Code     2  stm32f1xx_hal_uart.o(i.HAL_UART_TxCpltCallback)
    HardFault_Handler                        0x08002dd5   Thumb Code     4  stm32f1xx_it.o(i.HardFault_Handler)
    KEY_Init                                 0x08002dd9   Thumb Code    86  key.o(i.KEY_Init)
    LCD_Fast_DrawPoint                       0x08002e39   Thumb Code   256  lcd.o(i.LCD_Fast_DrawPoint)
    LCD_ShowChar                             0x08002f41   Thumb Code   288  lcd.o(i.LCD_ShowChar)
    LCD_ShowString                           0x0800307d   Thumb Code   102  lcd.o(i.LCD_ShowString)
    LCD_WR_DATA                              0x080030e5   Thumb Code    18  lcd.o(i.LCD_WR_DATA)
    LCD_WR_REG                               0x080030fd   Thumb Code    18  lcd.o(i.LCD_WR_REG)
    LED_Init                                 0x08003115   Thumb Code   116  led.o(i.LED_Init)
    MemManage_Handler                        0x08003195   Thumb Code     4  stm32f1xx_it.o(i.MemManage_Handler)
    NMI_Handler                              0x08003199   Thumb Code     2  stm32f1xx_it.o(i.NMI_Handler)
    PendSV_Handler                           0x0800319b   Thumb Code     2  stm32f1xx_it.o(i.PendSV_Handler)
    SENSOR_Init                              0x080031c5   Thumb Code    58  can.o(i.SENSOR_Init)
    SVC_Handler                              0x0800320d   Thumb Code     2  stm32f1xx_it.o(i.SVC_Handler)
    Set_Motor_speed                          0x08003211   Thumb Code    84  can.o(i.Set_Motor_speed)
    Stm32_Clock_Init                         0x0800326d   Thumb Code    86  sys.o(i.Stm32_Clock_Init)
    SysTick_Handler                          0x080032c3   Thumb Code     8  stm32f1xx_it.o(i.SysTick_Handler)
    SystemInit                               0x080032cd   Thumb Code    70  system_stm32f1xx.o(i.SystemInit)
    TIM3_IRQHandler                          0x08003325   Thumb Code    10  timer.o(i.TIM3_IRQHandler)
    TIM3_Init                                0x08003335   Thumb Code    36  timer.o(i.TIM3_Init)
    TIM4_IRQHandler                          0x08003361   Thumb Code    58  usmart.o(i.TIM4_IRQHandler)
    TIM_Base_SetConfig                       0x080033a5   Thumb Code   134  stm32f1xx_hal_tim.o(i.TIM_Base_SetConfig)
    Timer4_Init                              0x08003441   Thumb Code    80  usmart.o(i.Timer4_Init)
    UART1_Init                               0x0800349d   Thumb Code    48  servo.o(i.UART1_Init)
    UART2_Init                               0x080034d9   Thumb Code    68  encoder.o(i.UART2_Init)
    UART3_Init                               0x0800352d   Thumb Code    48  raspi.o(i.UART3_Init)
    USART1_IRQHandler                        0x080038d9   Thumb Code    20  servo.o(i.USART1_IRQHandler)
    USART2_IRQHandler                        0x080038f5   Thumb Code    20  encoder.o(i.USART2_IRQHandler)
    USART3_IRQHandler                        0x08003911   Thumb Code    20  raspi.o(i.USART3_IRQHandler)
    USB_LP_CAN1_RX0_IRQHandler               0x0800392d   Thumb Code    10  can.o(i.USB_LP_CAN1_RX0_IRQHandler)
    UsageFault_Handler                       0x0800393d   Thumb Code     4  stm32f1xx_it.o(i.UsageFault_Handler)
    _is_digit                                0x08003979   Thumb Code    14  __printf_wp.o(i._is_digit)
    _sys_exit                                0x08003987   Thumb Code     4  usart.o(i._sys_exit)
    delay_init                               0x0800398d   Thumb Code    16  delay.o(i.delay_init)
    delay_ms                                 0x080039a1   Thumb Code    24  delay.o(i.delay_ms)
    delay_us                                 0x080039b9   Thumb Code    68  delay.o(i.delay_us)
    do_fin_task                              0x08003a01   Thumb Code   174  overall_control.o(i.do_fin_task)
    do_pro_task                              0x08003ac5   Thumb Code   254  overall_control.o(i.do_pro_task)
    do_src_task                              0x08003bd5   Thumb Code   148  overall_control.o(i.do_src_task)
    fin_task1                                0x08003c79   Thumb Code   202  overall_control.o(i.fin_task1)
    fin_task2                                0x08003d55   Thumb Code   166  overall_control.o(i.fin_task2)
    fin_task3                                0x08003e0d   Thumb Code   128  overall_control.o(i.fin_task3)
    fputc                                    0x08003e99   Thumb Code    24  usart.o(i.fputc)
    key_start                                0x08003eb5   Thumb Code    66  key.o(i.key_start)
    main                                     0x08003f01   Thumb Code   120  main.o(i.main)
    maxwheel                                 0x08003f7d   Thumb Code   120  pid.o(i.maxwheel)
    motion_fin                               0x08003ff9   Thumb Code    74  servo.o(i.motion_fin)
    pid_distance                             0x08004051   Thumb Code   930  pid.o(i.pid_distance)
    pid_speed                                0x08004431   Thumb Code   134  pid.o(i.pid_speed)
    position_which                           0x080044d5   Thumb Code   164  raspi.o(i.position_which)
    pro_task1                                0x0800457d   Thumb Code   178  overall_control.o(i.pro_task1)
    pro_task2                                0x08004641   Thumb Code   142  overall_control.o(i.pro_task2)
    pro_task3                                0x080046e1   Thumb Code   128  overall_control.o(i.pro_task3)
    pro_task4                                0x08004771   Thumb Code   142  overall_control.o(i.pro_task4)
    pro_task5                                0x08004811   Thumb Code   142  overall_control.o(i.pro_task5)
    pro_task6                                0x080048b1   Thumb Code   130  overall_control.o(i.pro_task6)
    push_target                              0x08004945   Thumb Code    20  overall_control.o(i.push_target)
    reach_dest                               0x08004961   Thumb Code   172  underpan_control.o(i.reach_dest)
    reach_target                             0x08004a25   Thumb Code   150  underpan_control.o(i.reach_target)
    read_addr                                0x08004ad1   Thumb Code     6  usmart.o(i.read_addr)
    run                                      0x08004ad9   Thumb Code   332  overall_control.o(i.run)
    run_init                                 0x08004c39   Thumb Code   162  overall_control.o(i.run_init)
    src_task1                                0x08004d15   Thumb Code   218  overall_control.o(i.src_task1)
    src_task2                                0x08004e05   Thumb Code   166  overall_control.o(i.src_task2)
    src_task3                                0x08004ebd   Thumb Code   154  overall_control.o(i.src_task3)
    start_motion_group                       0x08004f69   Thumb Code    60  servo.o(i.start_motion_group)
    usmart_cmd_rec                           0x08004fa9   Thumb Code   170  usmart.o(i.usmart_cmd_rec)
    usmart_exe                               0x08005059   Thumb Code   632  usmart.o(i.usmart_exe)
    usmart_get_aparm                         0x0800532d   Thumb Code   212  usmart_str.o(i.usmart_get_aparm)
    usmart_get_cmdname                       0x08005401   Thumb Code    54  usmart_str.o(i.usmart_get_cmdname)
    usmart_get_fname                         0x08005439   Thumb Code   440  usmart_str.o(i.usmart_get_fname)
    usmart_get_fparam                        0x080055f9   Thumb Code   262  usmart_str.o(i.usmart_get_fparam)
    usmart_get_parmpos                       0x08005705   Thumb Code    26  usmart_str.o(i.usmart_get_parmpos)
    usmart_get_runtime                       0x08005725   Thumb Code    58  usmart.o(i.usmart_get_runtime)
    usmart_init                              0x08005769   Thumb Code    36  usmart.o(i.usmart_init)
    usmart_pow                               0x08005791   Thumb Code    22  usmart_str.o(i.usmart_pow)
    usmart_reset_runtime                     0x080057a9   Thumb Code    44  usmart.o(i.usmart_reset_runtime)
    usmart_scan                              0x080057dd   Thumb Code   120  usmart.o(i.usmart_scan)
    usmart_search_nextc                      0x08005899   Thumb Code    22  usmart_str.o(i.usmart_search_nextc)
    usmart_str2num                           0x080058af   Thumb Code   262  usmart_str.o(i.usmart_str2num)
    usmart_strcmp                            0x080059b5   Thumb Code    34  usmart_str.o(i.usmart_strcmp)
    usmart_strcopy                           0x080059d7   Thumb Code    22  usmart_str.o(i.usmart_strcopy)
    usmart_strlen                            0x080059ed   Thumb Code    24  usmart_str.o(i.usmart_strlen)
    usmart_sys_cmd_exe                       0x08005a05   Thumb Code  1570  usmart.o(i.usmart_sys_cmd_exe)
    write_addr                               0x080060f9   Thumb Code     4  usmart.o(i.write_addr)
    yaw_correction                           0x080060fd   Thumb Code   426  pid.o(i.yaw_correction)
    __aeabi_d2f                              0x080062c1   Thumb Code     0  d2f.o(x$fpl$d2f)
    _d2f                                     0x080062c1   Thumb Code    98  d2f.o(x$fpl$d2f)
    __aeabi_dadd                             0x08006325   Thumb Code     0  daddsub_clz.o(x$fpl$dadd)
    _dadd                                    0x08006325   Thumb Code   332  daddsub_clz.o(x$fpl$dadd)
    __fpl_dcmp_Inf                           0x08006475   Thumb Code    24  dcmpi.o(x$fpl$dcmpinf)
    __aeabi_ddiv                             0x0800648d   Thumb Code     0  ddiv.o(x$fpl$ddiv)
    _ddiv                                    0x0800648d   Thumb Code   552  ddiv.o(x$fpl$ddiv)
    __aeabi_d2iz                             0x0800673d   Thumb Code     0  dfix.o(x$fpl$dfix)
    _dfix                                    0x0800673d   Thumb Code    94  dfix.o(x$fpl$dfix)
    __aeabi_i2d                              0x0800679b   Thumb Code     0  dflt_clz.o(x$fpl$dflt)
    _dflt                                    0x0800679b   Thumb Code    46  dflt_clz.o(x$fpl$dflt)
    __aeabi_cdcmple                          0x080067c9   Thumb Code     0  dleqf.o(x$fpl$dleqf)
    _dcmple                                  0x080067c9   Thumb Code   120  dleqf.o(x$fpl$dleqf)
    __fpl_dcmple_InfNaN                      0x0800682b   Thumb Code     0  dleqf.o(x$fpl$dleqf)
    __aeabi_dmul                             0x08006841   Thumb Code     0  dmul.o(x$fpl$dmul)
    _dmul                                    0x08006841   Thumb Code   332  dmul.o(x$fpl$dmul)
    __fpl_dnaninf                            0x08006995   Thumb Code   156  dnaninf.o(x$fpl$dnaninf)
    __fpl_dretinf                            0x08006a31   Thumb Code    12  dretinf.o(x$fpl$dretinf)
    __aeabi_cdrcmple                         0x08006a3d   Thumb Code     0  drleqf.o(x$fpl$drleqf)
    _drcmple                                 0x08006a3d   Thumb Code   108  drleqf.o(x$fpl$drleqf)
    __aeabi_dsub                             0x08006aa9   Thumb Code     0  daddsub_clz.o(x$fpl$dsub)
    _dsub                                    0x08006aa9   Thumb Code   464  daddsub_clz.o(x$fpl$dsub)
    __aeabi_f2d                              0x08006c7d   Thumb Code     0  f2d.o(x$fpl$f2d)
    _f2d                                     0x08006c7d   Thumb Code    86  f2d.o(x$fpl$f2d)
    __aeabi_fadd                             0x08006cd5   Thumb Code     0  faddsub_clz.o(x$fpl$fadd)
    _fadd                                    0x08006cd5   Thumb Code   196  faddsub_clz.o(x$fpl$fadd)
    __fpl_fcmp_Inf                           0x08006d99   Thumb Code    24  fcmpi.o(x$fpl$fcmpinf)
    __aeabi_fdiv                             0x08006db1   Thumb Code     0  fdiv.o(x$fpl$fdiv)
    _fdiv                                    0x08006db1   Thumb Code   384  fdiv.o(x$fpl$fdiv)
    __aeabi_cfcmpeq                          0x08006f35   Thumb Code     0  feqf.o(x$fpl$feqf)
    _fcmpeq                                  0x08006f35   Thumb Code   104  feqf.o(x$fpl$feqf)
    __aeabi_f2iz                             0x08006f9d   Thumb Code     0  ffix.o(x$fpl$ffix)
    _ffix                                    0x08006f9d   Thumb Code    54  ffix.o(x$fpl$ffix)
    __aeabi_i2f                              0x08006fd5   Thumb Code     0  fflt_clz.o(x$fpl$fflt)
    _fflt                                    0x08006fd5   Thumb Code    48  fflt_clz.o(x$fpl$fflt)
    __aeabi_cfcmple                          0x08007005   Thumb Code     0  fleqf.o(x$fpl$fleqf)
    _fcmple                                  0x08007005   Thumb Code   104  fleqf.o(x$fpl$fleqf)
    __fpl_fcmple_InfNaN                      0x08007057   Thumb Code     0  fleqf.o(x$fpl$fleqf)
    __aeabi_fmul                             0x0800706d   Thumb Code     0  fmul.o(x$fpl$fmul)
    _fmul                                    0x0800706d   Thumb Code   258  fmul.o(x$fpl$fmul)
    __fpl_fnaninf                            0x0800716f   Thumb Code   140  fnaninf.o(x$fpl$fnaninf)
    __fpl_fretinf                            0x080071fb   Thumb Code    10  fretinf.o(x$fpl$fretinf)
    __aeabi_cfrcmple                         0x08007205   Thumb Code     0  frleqf.o(x$fpl$frleqf)
    _frcmple                                 0x08007205   Thumb Code    98  frleqf.o(x$fpl$frleqf)
    __aeabi_frsub                            0x08007267   Thumb Code     0  faddsub_clz.o(x$fpl$frsb)
    _frsb                                    0x08007267   Thumb Code    20  faddsub_clz.o(x$fpl$frsb)
    __aeabi_fsub                             0x0800727d   Thumb Code     0  faddsub_clz.o(x$fpl$fsub)
    _fsub                                    0x0800727d   Thumb Code   234  faddsub_clz.o(x$fpl$fsub)
    AHBPrescTable                            0x08007366   Data          16  system_stm32f1xx.o(.constdata)
    __I$use$fp                               0x08007366   Number         0  usenofp.o(x$fpl$usenofp)
    APBPrescTable                            0x08007376   Data           8  system_stm32f1xx.o(.constdata)
    asc2_1206                                0x0800737e   Data        1140  lcd.o(.constdata)
    asc2_1608                                0x080077f2   Data        1520  lcd.o(.constdata)
    asc2_2412                                0x08007de2   Data        3420  lcd.o(.constdata)
    asc2_3216                                0x08008b3e   Data       12160  lcd.o(.constdata)
    origin                                   0x0800bac0   Data           8  overall_control.o(.constdata)
    taskboard                                0x0800bac8   Data           8  overall_control.o(.constdata)
    src_right                                0x0800bad0   Data           8  overall_control.o(.constdata)
    src_middle                               0x0800bad8   Data           8  overall_control.o(.constdata)
    src_left                                 0x0800bae0   Data           8  overall_control.o(.constdata)
    pro_right                                0x0800bae8   Data           8  overall_control.o(.constdata)
    pro_middle                               0x0800baf0   Data           8  overall_control.o(.constdata)
    pro_left                                 0x0800baf8   Data           8  overall_control.o(.constdata)
    fin_right                                0x0800bb00   Data           8  overall_control.o(.constdata)
    fin_middle                               0x0800bb08   Data           8  overall_control.o(.constdata)
    fin_left                                 0x0800bb10   Data           8  overall_control.o(.constdata)
    destination                              0x0800bb18   Data           8  overall_control.o(.constdata)
    Region$$Table$$Base                      0x0800bbf0   Number         0  anon$$obj.o(Region$$Table)
    Region$$Table$$Limit                     0x0800bc10   Number         0  anon$$obj.o(Region$$Table)
    SystemCoreClock                          0x20000000   Data           4  system_stm32f1xx.o(.data)
    uwTick                                   0x20000004   Data           4  stm32f1xx_hal.o(.data)
    uwTickPrio                               0x20000008   Data           4  stm32f1xx_hal.o(.data)
    uwTickFreq                               0x2000000c   Data           1  stm32f1xx_hal.o(.data)
    __stdout                                 0x20000014   Data           4  usart.o(.data)
    USART_RX_STA                             0x20000018   Data           2  usart.o(.data)
    POINT_COLOR                              0x2000001c   Data           4  lcd.o(.data)
    BACK_COLOR                               0x20000020   Data           4  lcd.o(.data)
    sensorstate                              0x20000026   Data           4  can.o(.data)
    motorset                                 0x2000002a   Data           8  can.o(.data)
    target                                   0x20000034   Data           8  pid.o(.data)
    Rxbuf                                    0x2000004c   Data           1  encoder.o(.data)
    Raspibuf                                 0x20000062   Data           1  raspi.o(.data)
    Servobuf                                 0x20000064   Data           1  servo.o(.data)
    Servo_Return                             0x20000066   Data           6  servo.o(.data)
    sys_cmd_tab                              0x20000074   Data          28  usmart.o(.data)
    usmart_nametab                           0x20000090   Data          32  usmart_config.o(.data)
    usmart_dev                               0x200000b0   Data         244  usmart_config.o(.data)
    motorlock                                0x200001a4   Data           4  underpan_control.o(.data)
    round_cnt                                0x200001b0   Data           1  overall_control.o(.data)
    src_task                                 0x200001b4   Data          12  overall_control.o(.data)
    USART_RX_BUF                             0x200001f0   Data         200  usart.o(.bss)
    aRxBuffer                                0x200002b8   Data          28  usart.o(.bss)
    TFTSRAM_Handler                          0x200002d4   Data          72  lcd.o(.bss)
    lcddev                                   0x2000031c   Data          14  lcd.o(.bss)
    CAN1_Handler                             0x2000032c   Data         100  can.o(.bss)
    TxHeader                                 0x20000390   Data          24  can.o(.bss)
    RxHeader                                 0x200003a8   Data          28  can.o(.bss)
    motorstate                               0x200003c4   Data          32  can.o(.bss)
    speed_inc                                0x200003e4   Data          16  pid.o(.bss)
    UART2_Handler                            0x20000444   Data          64  encoder.o(.bss)
    OPS_Encoder                              0x20000484   Data          24  encoder.o(.bss)
    TIM3_Handler                             0x200004b4   Data          64  timer.o(.bss)
    UART3_Handler                            0x200004f4   Data          64  raspi.o(.bss)
    Raspi_data                               0x20000534   Data          19  raspi.o(.bss)
    UART1_Handler                            0x20000548   Data          64  servo.o(.bss)
    TIM4_Handler                             0x20000588   Data          64  usmart.o(.bss)
    src_target                               0x200005c8   Data          24  overall_control.o(.bss)
    pro_target                               0x200005e0   Data          24  overall_control.o(.bss)
    fin_target                               0x200005f8   Data          24  overall_control.o(.bss)
    __libspace_start                         0x20000610   Data          96  libspace.o(.bss)
    __temporary_stack_top$libspace           0x20000670   Data           0  libspace.o(.bss)



==============================================================================

Memory Map of the image

  Image Entry point : 0x08000131

  Load Region LR_IROM1 (Base: 0x08000000, Size: 0x0000be00, Max: 0x00080000, ABSOLUTE, COMPRESSED[0x0000bc7c])

    Execution Region ER_IROM1 (Base: 0x08000000, Size: 0x0000bc10, Max: 0x00080000, ABSOLUTE)

    Base Addr    Size         Type   Attr      Idx    E Section Name        Object

    0x08000000   0x00000130   Data   RO          494    RESET               startup_stm32f103xe.o
    0x08000130   0x00000008   Code   RO         4928  * !!!main             c_w.l(__main.o)
    0x08000138   0x00000034   Code   RO         5174    !!!scatter          c_w.l(__scatter.o)
    0x0800016c   0x0000005a   Code   RO         5172    !!dczerorl2         c_w.l(__dczerorl2.o)
    0x080001c6   0x00000002   PAD
    0x080001c8   0x0000001c   Code   RO         5176    !!handler_zi        c_w.l(__scatter_zi.o)
    0x080001e4   0x00000000   Code   RO         4921    .ARM.Collect$$_printf_percent$$00000000  c_w.l(_printf_percent.o)
    0x080001e4   0x00000006   Code   RO         4919    .ARM.Collect$$_printf_percent$$00000009  c_w.l(_printf_d.o)
    0x080001ea   0x00000006   Code   RO         4920    .ARM.Collect$$_printf_percent$$0000000A  c_w.l(_printf_u.o)
    0x080001f0   0x00000006   Code   RO         4918    .ARM.Collect$$_printf_percent$$0000000C  c_w.l(_printf_x.o)
    0x080001f6   0x00000006   Code   RO         4916    .ARM.Collect$$_printf_percent$$00000013  c_w.l(_printf_c.o)
    0x080001fc   0x00000006   Code   RO         4917    .ARM.Collect$$_printf_percent$$00000014  c_w.l(_printf_s.o)
    0x08000202   0x00000004   Code   RO         5001    .ARM.Collect$$_printf_percent$$00000017  c_w.l(_printf_percent_end.o)
    0x08000206   0x00000002   Code   RO         5047    .ARM.Collect$$libinit$$00000000  c_w.l(libinit.o)
    0x08000208   0x00000000   Code   RO         5054    .ARM.Collect$$libinit$$00000002  c_w.l(libinit2.o)
    0x08000208   0x00000000   Code   RO         5056    .ARM.Collect$$libinit$$00000004  c_w.l(libinit2.o)
    0x08000208   0x00000000   Code   RO         5059    .ARM.Collect$$libinit$$0000000A  c_w.l(libinit2.o)
    0x08000208   0x00000000   Code   RO         5061    .ARM.Collect$$libinit$$0000000C  c_w.l(libinit2.o)
    0x08000208   0x00000000   Code   RO         5063    .ARM.Collect$$libinit$$0000000E  c_w.l(libinit2.o)
    0x08000208   0x00000000   Code   RO         5066    .ARM.Collect$$libinit$$00000011  c_w.l(libinit2.o)
    0x08000208   0x00000000   Code   RO         5068    .ARM.Collect$$libinit$$00000013  c_w.l(libinit2.o)
    0x08000208   0x00000000   Code   RO         5070    .ARM.Collect$$libinit$$00000015  c_w.l(libinit2.o)
    0x08000208   0x00000000   Code   RO         5072    .ARM.Collect$$libinit$$00000017  c_w.l(libinit2.o)
    0x08000208   0x00000000   Code   RO         5074    .ARM.Collect$$libinit$$00000019  c_w.l(libinit2.o)
    0x08000208   0x00000000   Code   RO         5076    .ARM.Collect$$libinit$$0000001B  c_w.l(libinit2.o)
    0x08000208   0x00000000   Code   RO         5078    .ARM.Collect$$libinit$$0000001D  c_w.l(libinit2.o)
    0x08000208   0x00000000   Code   RO         5080    .ARM.Collect$$libinit$$0000001F  c_w.l(libinit2.o)
    0x08000208   0x00000000   Code   RO         5082    .ARM.Collect$$libinit$$00000021  c_w.l(libinit2.o)
    0x08000208   0x00000000   Code   RO         5084    .ARM.Collect$$libinit$$00000023  c_w.l(libinit2.o)
    0x08000208   0x00000000   Code   RO         5086    .ARM.Collect$$libinit$$00000025  c_w.l(libinit2.o)
    0x08000208   0x00000000   Code   RO         5090    .ARM.Collect$$libinit$$0000002C  c_w.l(libinit2.o)
    0x08000208   0x00000000   Code   RO         5092    .ARM.Collect$$libinit$$0000002E  c_w.l(libinit2.o)
    0x08000208   0x00000000   Code   RO         5094    .ARM.Collect$$libinit$$00000030  c_w.l(libinit2.o)
    0x08000208   0x00000000   Code   RO         5096    .ARM.Collect$$libinit$$00000032  c_w.l(libinit2.o)
    0x08000208   0x00000002   Code   RO         5097    .ARM.Collect$$libinit$$00000033  c_w.l(libinit2.o)
    0x0800020a   0x00000002   Code   RO         5115    .ARM.Collect$$libshutdown$$00000000  c_w.l(libshutdown.o)
    0x0800020c   0x00000000   Code   RO         5126    .ARM.Collect$$libshutdown$$00000003  c_w.l(libshutdown2.o)
    0x0800020c   0x00000000   Code   RO         5129    .ARM.Collect$$libshutdown$$00000006  c_w.l(libshutdown2.o)
    0x0800020c   0x00000000   Code   RO         5132    .ARM.Collect$$libshutdown$$00000009  c_w.l(libshutdown2.o)
    0x0800020c   0x00000000   Code   RO         5134    .ARM.Collect$$libshutdown$$0000000B  c_w.l(libshutdown2.o)
    0x0800020c   0x00000000   Code   RO         5137    .ARM.Collect$$libshutdown$$0000000E  c_w.l(libshutdown2.o)
    0x0800020c   0x00000002   Code   RO         5138    .ARM.Collect$$libshutdown$$0000000F  c_w.l(libshutdown2.o)
    0x0800020e   0x00000000   Code   RO         4994    .ARM.Collect$$rtentry$$00000000  c_w.l(__rtentry.o)
    0x0800020e   0x00000000   Code   RO         5016    .ARM.Collect$$rtentry$$00000002  c_w.l(__rtentry2.o)
    0x0800020e   0x00000006   Code   RO         5028    .ARM.Collect$$rtentry$$00000004  c_w.l(__rtentry4.o)
    0x08000214   0x00000000   Code   RO         5018    .ARM.Collect$$rtentry$$00000009  c_w.l(__rtentry2.o)
    0x08000214   0x00000004   Code   RO         5019    .ARM.Collect$$rtentry$$0000000A  c_w.l(__rtentry2.o)
    0x08000218   0x00000000   Code   RO         5021    .ARM.Collect$$rtentry$$0000000C  c_w.l(__rtentry2.o)
    0x08000218   0x00000008   Code   RO         5022    .ARM.Collect$$rtentry$$0000000D  c_w.l(__rtentry2.o)
    0x08000220   0x00000002   Code   RO         5051    .ARM.Collect$$rtexit$$00000000  c_w.l(rtexit.o)
    0x08000222   0x00000000   Code   RO         5099    .ARM.Collect$$rtexit$$00000002  c_w.l(rtexit2.o)
    0x08000222   0x00000004   Code   RO         5100    .ARM.Collect$$rtexit$$00000003  c_w.l(rtexit2.o)
    0x08000226   0x00000006   Code   RO         5101    .ARM.Collect$$rtexit$$00000004  c_w.l(rtexit2.o)
    0x0800022c   0x00000040   Code   RO          495    .text               startup_stm32f103xe.o
    0x0800026c   0x00000002   Code   RO         4861    .text               c_w.l(use_no_semi_2.o)
    0x0800026e   0x00000002   PAD
    0x08000270   0x00000018   Code   RO         4865    .text               c_w.l(noretval__2printf.o)
    0x08000288   0x0000004e   Code   RO         4869    .text               c_w.l(_printf_pad.o)
    0x080002d6   0x00000052   Code   RO         4871    .text               c_w.l(_printf_str.o)
    0x08000328   0x00000078   Code   RO         4873    .text               c_w.l(_printf_dec.o)
    0x080003a0   0x00000058   Code   RO         4878    .text               c_w.l(_printf_hex_int.o)
    0x080003f8   0x00000188   Code   RO         4913    .text               c_w.l(__printf_flags_ss_wp.o)
    0x08000580   0x00000064   Code   RO         4922    .text               c_w.l(rt_memcpy_w.o)
    0x080005e4   0x00000080   Code   RO         4924    .text               c_w.l(strcmpv7m.o)
    0x08000664   0x00000006   Code   RO         4926    .text               c_w.l(heapauxi.o)
    0x0800066a   0x00000002   Code   RO         4992    .text               c_w.l(use_no_semi.o)
    0x0800066c   0x000000b2   Code   RO         4995    .text               c_w.l(_printf_intcommon.o)
    0x0800071e   0x0000002c   Code   RO         4997    .text               c_w.l(_printf_char.o)
    0x0800074a   0x00000002   PAD
    0x0800074c   0x00000024   Code   RO         4999    .text               c_w.l(_printf_char_file.o)
    0x08000770   0x00000030   Code   RO         5030    .text               c_w.l(_printf_char_common.o)
    0x080007a0   0x00000008   Code   RO         5032    .text               c_w.l(ferror.o)
    0x080007a8   0x0000004a   Code   RO         5036    .text               c_w.l(sys_stackheap_outer.o)
    0x080007f2   0x0000000c   Code   RO         5040    .text               c_w.l(exit.o)
    0x080007fe   0x00000002   PAD
    0x08000800   0x00000008   Code   RO         5048    .text               c_w.l(libspace.o)
    0x08000808   0x00000004   Code   RO          301    i.BusFault_Handler  stm32f1xx_it.o
    0x0800080c   0x00000060   Code   RO         4068    i.CAN1_Mode_Init    can.o
    0x0800086c   0x00000064   Code   RO         4072    i.CAN1_Send_Linesensor_Msg  can.o
    0x080008d0   0x00000064   Code   RO         4073    i.CAN1_Send_Motor_Msg  can.o
    0x08000934   0x00000080   Code   RO         4075    i.CAN_Config        can.o
    0x080009b4   0x00000028   Code   RO         4076    i.CAN_Error_Handler  can.o
    0x080009dc   0x00000002   Code   RO          302    i.DebugMon_Handler  stm32f1xx_it.o
    0x080009de   0x0000002a   Code   RO         3409    i.HAL_CAN_ActivateNotification  stm32f1xx_hal_can.o
    0x08000a08   0x00000156   Code   RO         3410    i.HAL_CAN_AddTxMessage  stm32f1xx_hal_can.o
    0x08000b5e   0x0000010a   Code   RO         3411    i.HAL_CAN_ConfigFilter  stm32f1xx_hal_can.o
    0x08000c68   0x00000002   Code   RO         3414    i.HAL_CAN_ErrorCallback  stm32f1xx_hal_can.o
    0x08000c6a   0x00000028   Code   RO         3416    i.HAL_CAN_GetRxFifoFillLevel  stm32f1xx_hal_can.o
    0x08000c92   0x0000017a   Code   RO         3417    i.HAL_CAN_GetRxMessage  stm32f1xx_hal_can.o
    0x08000e0c   0x00000036   Code   RO         3419    i.HAL_CAN_GetTxMailboxesFreeLevel  stm32f1xx_hal_can.o
    0x08000e42   0x0000024e   Code   RO         3421    i.HAL_CAN_IRQHandler  stm32f1xx_hal_can.o
    0x08001090   0x000001ec   Code   RO         3422    i.HAL_CAN_Init      stm32f1xx_hal_can.o
    0x0800127c   0x00000088   Code   RO         4077    i.HAL_CAN_MspInit   can.o
    0x08001304   0x000000b2   Code   RO         3427    i.HAL_CAN_RegisterCallback  stm32f1xx_hal_can.o
    0x080013b6   0x00000002   Code   RO         3430    i.HAL_CAN_RxFifo0FullCallback  stm32f1xx_hal_can.o
    0x080013b8   0x000000b8   Code   RO         4078    i.HAL_CAN_RxFifo0MsgPendingCallback  can.o
    0x08001470   0x00000002   Code   RO         3432    i.HAL_CAN_RxFifo1FullCallback  stm32f1xx_hal_can.o
    0x08001472   0x00000002   Code   RO         3433    i.HAL_CAN_RxFifo1MsgPendingCallback  stm32f1xx_hal_can.o
    0x08001474   0x00000002   Code   RO         3434    i.HAL_CAN_SleepCallback  stm32f1xx_hal_can.o
    0x08001476   0x0000005e   Code   RO         3435    i.HAL_CAN_Start     stm32f1xx_hal_can.o
    0x080014d4   0x00000002   Code   RO         3437    i.HAL_CAN_TxMailbox0AbortCallback  stm32f1xx_hal_can.o
    0x080014d6   0x00000002   Code   RO         3438    i.HAL_CAN_TxMailbox0CompleteCallback  stm32f1xx_hal_can.o
    0x080014d8   0x00000002   Code   RO         3439    i.HAL_CAN_TxMailbox1AbortCallback  stm32f1xx_hal_can.o
    0x080014da   0x00000002   Code   RO         3440    i.HAL_CAN_TxMailbox1CompleteCallback  stm32f1xx_hal_can.o
    0x080014dc   0x00000002   Code   RO         3441    i.HAL_CAN_TxMailbox2AbortCallback  stm32f1xx_hal_can.o
    0x080014de   0x00000002   Code   RO         3442    i.HAL_CAN_TxMailbox2CompleteCallback  stm32f1xx_hal_can.o
    0x080014e0   0x00000002   Code   RO         3445    i.HAL_CAN_WakeUpFromRxMsgCallback  stm32f1xx_hal_can.o
    0x080014e2   0x00000002   PAD
    0x080014e4   0x000001a8   Code   RO          800    i.HAL_DMA_Abort_IT  stm32f1xx_hal_dma.o
    0x0800168c   0x00000340   Code   RO          896    i.HAL_GPIO_Init     stm32f1xx_hal_gpio.o
    0x080019cc   0x00000010   Code   RO          898    i.HAL_GPIO_ReadPin  stm32f1xx_hal_gpio.o
    0x080019dc   0x0000000c   Code   RO          900    i.HAL_GPIO_WritePin  stm32f1xx_hal_gpio.o
    0x080019e8   0x0000000c   Code   RO          513    i.HAL_GetTick       stm32f1xx_hal.o
    0x080019f4   0x00000018   Code   RO          519    i.HAL_IncTick       stm32f1xx_hal.o
    0x08001a0c   0x00000028   Code   RO          520    i.HAL_Init          stm32f1xx_hal.o
    0x08001a34   0x0000004c   Code   RO          521    i.HAL_InitTick      stm32f1xx_hal.o
    0x08001a80   0x00000002   Code   RO          269    i.HAL_MspInit       stm32f1xx_hal_msp.o
    0x08001a82   0x00000020   Code   RO          678    i.HAL_NVIC_EnableIRQ  stm32f1xx_hal_cortex.o
    0x08001aa2   0x0000007c   Code   RO          684    i.HAL_NVIC_SetPriority  stm32f1xx_hal_cortex.o
    0x08001b1e   0x00000002   PAD
    0x08001b20   0x00000028   Code   RO          685    i.HAL_NVIC_SetPriorityGrouping  stm32f1xx_hal_cortex.o
    0x08001b48   0x0000018c   Code   RO         1121    i.HAL_RCC_ClockConfig  stm32f1xx_hal_rcc.o
    0x08001cd4   0x0000000c   Code   RO         1126    i.HAL_RCC_GetHCLKFreq  stm32f1xx_hal_rcc.o
    0x08001ce0   0x00000020   Code   RO         1128    i.HAL_RCC_GetPCLK1Freq  stm32f1xx_hal_rcc.o
    0x08001d00   0x00000020   Code   RO         1129    i.HAL_RCC_GetPCLK2Freq  stm32f1xx_hal_rcc.o
    0x08001d20   0x00000094   Code   RO         1130    i.HAL_RCC_GetSysClockFreq  stm32f1xx_hal_rcc.o
    0x08001db4   0x00000464   Code   RO         1133    i.HAL_RCC_OscConfig  stm32f1xx_hal_rcc.o
    0x08002218   0x00000028   Code   RO          687    i.HAL_SYSTICK_CLKSourceConfig  stm32f1xx_hal_cortex.o
    0x08002240   0x00000034   Code   RO          689    i.HAL_SYSTICK_Config  stm32f1xx_hal_cortex.o
    0x08002274   0x00000002   Code   RO         1951    i.HAL_TIMEx_BreakCallback  stm32f1xx_hal_tim_ex.o
    0x08002276   0x00000002   Code   RO         1952    i.HAL_TIMEx_CommutCallback  stm32f1xx_hal_tim_ex.o
    0x08002278   0x00000034   Code   RO         1265    i.HAL_TIM_Base_Init  stm32f1xx_hal_tim.o
    0x080022ac   0x00000044   Code   RO         4286    i.HAL_TIM_Base_MspInit  timer.o
    0x080022f0   0x0000002a   Code   RO         1270    i.HAL_TIM_Base_Start_IT  stm32f1xx_hal_tim.o
    0x0800231a   0x00000002   Code   RO         1294    i.HAL_TIM_IC_CaptureCallback  stm32f1xx_hal_tim.o
    0x0800231c   0x00000196   Code   RO         1308    i.HAL_TIM_IRQHandler  stm32f1xx_hal_tim.o
    0x080024b2   0x00000002   Code   RO         1311    i.HAL_TIM_OC_DelayElapsedCallback  stm32f1xx_hal_tim.o
    0x080024b4   0x00000002   Code   RO         1338    i.HAL_TIM_PWM_PulseFinishedCallback  stm32f1xx_hal_tim.o
    0x080024b6   0x00000002   PAD
    0x080024b8   0x00000048   Code   RO         4287    i.HAL_TIM_PeriodElapsedCallback  timer.o
    0x08002500   0x00000002   Code   RO         1351    i.HAL_TIM_TriggerCallback  stm32f1xx_hal_tim.o
    0x08002502   0x00000002   Code   RO         2223    i.HAL_UART_ErrorCallback  stm32f1xx_hal_uart.o
    0x08002504   0x0000014c   Code   RO         2226    i.HAL_UART_IRQHandler  stm32f1xx_hal_uart.o
    0x08002650   0x00000072   Code   RO         2227    i.HAL_UART_Init     stm32f1xx_hal_uart.o
    0x080026c2   0x00000002   PAD
    0x080026c4   0x000001d8   Code   RO         4225    i.HAL_UART_MspInit  encoder.o
    0x0800289c   0x00000070   Code   RO         2232    i.HAL_UART_Receive_IT  stm32f1xx_hal_uart.o
    0x0800290c   0x000003f0   Code   RO         4226    i.HAL_UART_RxCpltCallback  encoder.o
    0x08002cfc   0x000000d6   Code   RO         2235    i.HAL_UART_Transmit  stm32f1xx_hal_uart.o
    0x08002dd2   0x00000002   Code   RO         2238    i.HAL_UART_TxCpltCallback  stm32f1xx_hal_uart.o
    0x08002dd4   0x00000004   Code   RO          303    i.HardFault_Handler  stm32f1xx_it.o
    0x08002dd8   0x00000060   Code   RO         4031    i.KEY_Init          key.o
    0x08002e38   0x00000108   Code   RO         3821    i.LCD_Fast_DrawPoint  lcd.o
    0x08002f40   0x0000013c   Code   RO         3832    i.LCD_ShowChar      lcd.o
    0x0800307c   0x00000066   Code   RO         3834    i.LCD_ShowString    lcd.o
    0x080030e2   0x00000002   PAD
    0x080030e4   0x00000018   Code   RO         3836    i.LCD_WR_DATA       lcd.o
    0x080030fc   0x00000018   Code   RO         3837    i.LCD_WR_REG        lcd.o
    0x08003114   0x00000080   Code   RO         3786    i.LED_Init          led.o
    0x08003194   0x00000004   Code   RO          304    i.MemManage_Handler  stm32f1xx_it.o
    0x08003198   0x00000002   Code   RO          305    i.NMI_Handler       stm32f1xx_it.o
    0x0800319a   0x00000002   Code   RO          306    i.PendSV_Handler    stm32f1xx_it.o
    0x0800319c   0x00000028   Code   RO         1134    i.RCC_Delay         stm32f1xx_hal_rcc.o
    0x080031c4   0x00000048   Code   RO         4079    i.SENSOR_Init       can.o
    0x0800320c   0x00000002   Code   RO          307    i.SVC_Handler       stm32f1xx_it.o
    0x0800320e   0x00000002   PAD
    0x08003210   0x0000005c   Code   RO         4080    i.Set_Motor_speed   can.o
    0x0800326c   0x00000056   Code   RO         3695    i.Stm32_Clock_Init  sys.o
    0x080032c2   0x00000008   Code   RO          308    i.SysTick_Handler   stm32f1xx_it.o
    0x080032ca   0x00000002   PAD
    0x080032cc   0x00000058   Code   RO          377    i.SystemInit        system_stm32f1xx.o
    0x08003324   0x00000010   Code   RO         4288    i.TIM3_IRQHandler   timer.o
    0x08003334   0x0000002c   Code   RO         4289    i.TIM3_Init         timer.o
    0x08003360   0x00000044   Code   RO         4468    i.TIM4_IRQHandler   usmart.o
    0x080033a4   0x0000009c   Code   RO         1353    i.TIM_Base_SetConfig  stm32f1xx_hal_tim.o
    0x08003440   0x0000005c   Code   RO         4469    i.Timer4_Init       usmart.o
    0x0800349c   0x0000003c   Code   RO         4409    i.UART1_Init        servo.o
    0x080034d8   0x00000054   Code   RO         4228    i.UART2_Init        encoder.o
    0x0800352c   0x0000003c   Code   RO         4335    i.UART3_Init        raspi.o
    0x08003568   0x00000014   Code   RO         2240    i.UART_DMAAbortOnError  stm32f1xx_hal_uart.o
    0x0800357c   0x00000020   Code   RO         2250    i.UART_EndRxTransfer  stm32f1xx_hal_uart.o
    0x0800359c   0x00000020   Code   RO         2251    i.UART_EndTransmit_IT  stm32f1xx_hal_uart.o
    0x080035bc   0x000000a6   Code   RO         2253    i.UART_Receive_IT   stm32f1xx_hal_uart.o
    0x08003662   0x00000002   PAD
    0x08003664   0x000001a0   Code   RO         2254    i.UART_SetConfig    stm32f1xx_hal_uart.o
    0x08003804   0x00000068   Code   RO         2255    i.UART_Transmit_IT  stm32f1xx_hal_uart.o
    0x0800386c   0x0000006c   Code   RO         2256    i.UART_WaitOnFlagUntilTimeout  stm32f1xx_hal_uart.o
    0x080038d8   0x0000001c   Code   RO         4410    i.USART1_IRQHandler  servo.o
    0x080038f4   0x0000001c   Code   RO         4229    i.USART2_IRQHandler  encoder.o
    0x08003910   0x0000001c   Code   RO         4336    i.USART3_IRQHandler  raspi.o
    0x0800392c   0x00000010   Code   RO         4081    i.USB_LP_CAN1_RX0_IRQHandler  can.o
    0x0800393c   0x00000004   Code   RO          309    i.UsageFault_Handler  stm32f1xx_it.o
    0x08003940   0x00000010   Code   RO          691    i.__NVIC_GetPriorityGrouping  stm32f1xx_hal_cortex.o
    0x08003950   0x00000028   Code   RO          692    i.__NVIC_SetPriority  stm32f1xx_hal_cortex.o
    0x08003978   0x0000000e   Code   RO         4906    i._is_digit         c_w.l(__printf_wp.o)
    0x08003986   0x00000004   Code   RO         3738    i._sys_exit         usart.o
    0x0800398a   0x00000002   PAD
    0x0800398c   0x00000014   Code   RO         3654    i.delay_init        delay.o
    0x080039a0   0x00000018   Code   RO         3655    i.delay_ms          delay.o
    0x080039b8   0x00000048   Code   RO         3656    i.delay_us          delay.o
    0x08003a00   0x000000c4   Code   RO         4727    i.do_fin_task       overall_control.o
    0x08003ac4   0x00000110   Code   RO         4728    i.do_pro_task       overall_control.o
    0x08003bd4   0x000000a4   Code   RO         4729    i.do_src_task       overall_control.o
    0x08003c78   0x000000dc   Code   RO         4730    i.fin_task1         overall_control.o
    0x08003d54   0x000000b8   Code   RO         4731    i.fin_task2         overall_control.o
    0x08003e0c   0x0000008c   Code   RO         4732    i.fin_task3         overall_control.o
    0x08003e98   0x0000001c   Code   RO         3739    i.fputc             usart.o
    0x08003eb4   0x0000004c   Code   RO         4033    i.key_start         key.o
    0x08003f00   0x0000007c   Code   RO            4    i.main              main.o
    0x08003f7c   0x0000007c   Code   RO         4174    i.maxwheel          pid.o
    0x08003ff8   0x00000058   Code   RO         4411    i.motion_fin        servo.o
    0x08004050   0x000003e0   Code   RO         4175    i.pid_distance      pid.o
    0x08004430   0x000000a4   Code   RO         4176    i.pid_speed         pid.o
    0x080044d4   0x000000a8   Code   RO         4341    i.position_which    raspi.o
    0x0800457c   0x000000c4   Code   RO         4733    i.pro_task1         overall_control.o
    0x08004640   0x000000a0   Code   RO         4734    i.pro_task2         overall_control.o
    0x080046e0   0x00000090   Code   RO         4735    i.pro_task3         overall_control.o
    0x08004770   0x000000a0   Code   RO         4736    i.pro_task4         overall_control.o
    0x08004810   0x000000a0   Code   RO         4737    i.pro_task5         overall_control.o
    0x080048b0   0x00000094   Code   RO         4738    i.pro_task6         overall_control.o
    0x08004944   0x0000001c   Code   RO         4739    i.push_target       overall_control.o
    0x08004960   0x000000c4   Code   RO         4667    i.reach_dest        underpan_control.o
    0x08004a24   0x000000ac   Code   RO         4669    i.reach_target      underpan_control.o
    0x08004ad0   0x00000006   Code   RO         4470    i.read_addr         usmart.o
    0x08004ad6   0x00000002   PAD
    0x08004ad8   0x00000160   Code   RO         4740    i.run               overall_control.o
    0x08004c38   0x000000dc   Code   RO         4741    i.run_init          overall_control.o
    0x08004d14   0x000000f0   Code   RO         4742    i.src_task1         overall_control.o
    0x08004e04   0x000000b8   Code   RO         4743    i.src_task2         overall_control.o
    0x08004ebc   0x000000ac   Code   RO         4744    i.src_task3         overall_control.o
    0x08004f68   0x00000040   Code   RO         4413    i.start_motion_group  servo.o
    0x08004fa8   0x000000b0   Code   RO         4471    i.usmart_cmd_rec    usmart.o
    0x08005058   0x000002d4   Code   RO         4472    i.usmart_exe        usmart.o
    0x0800532c   0x000000d4   Code   RO         4582    i.usmart_get_aparm  usmart_str.o
    0x08005400   0x00000036   Code   RO         4583    i.usmart_get_cmdname  usmart_str.o
    0x08005436   0x00000002   PAD
    0x08005438   0x000001c0   Code   RO         4584    i.usmart_get_fname  usmart_str.o
    0x080055f8   0x0000010c   Code   RO         4585    i.usmart_get_fparam  usmart_str.o
    0x08005704   0x00000020   Code   RO         4586    i.usmart_get_parmpos  usmart_str.o
    0x08005724   0x00000044   Code   RO         4473    i.usmart_get_runtime  usmart.o
    0x08005768   0x00000028   Code   RO         4474    i.usmart_init       usmart.o
    0x08005790   0x00000016   Code   RO         4587    i.usmart_pow        usmart_str.o
    0x080057a6   0x00000002   PAD
    0x080057a8   0x00000034   Code   RO         4475    i.usmart_reset_runtime  usmart.o
    0x080057dc   0x000000bc   Code   RO         4476    i.usmart_scan       usmart.o
    0x08005898   0x00000016   Code   RO         4588    i.usmart_search_nextc  usmart_str.o
    0x080058ae   0x00000106   Code   RO         4589    i.usmart_str2num    usmart_str.o
    0x080059b4   0x00000022   Code   RO         4590    i.usmart_strcmp     usmart_str.o
    0x080059d6   0x00000016   Code   RO         4591    i.usmart_strcopy    usmart_str.o
    0x080059ec   0x00000018   Code   RO         4592    i.usmart_strlen     usmart_str.o
    0x08005a04   0x000006f4   Code   RO         4477    i.usmart_sys_cmd_exe  usmart.o
    0x080060f8   0x00000004   Code   RO         4478    i.write_addr        usmart.o
    0x080060fc   0x000001c4   Code   RO         4177    i.yaw_correction    pid.o
    0x080062c0   0x00000062   Code   RO         4930    x$fpl$d2f           fz_ws.l(d2f.o)
    0x08006322   0x00000002   PAD
    0x08006324   0x00000150   Code   RO         4932    x$fpl$dadd          fz_ws.l(daddsub_clz.o)
    0x08006474   0x00000018   Code   RO         5002    x$fpl$dcmpinf       fz_ws.l(dcmpi.o)
    0x0800648c   0x000002b0   Code   RO         4939    x$fpl$ddiv          fz_ws.l(ddiv.o)
    0x0800673c   0x0000005e   Code   RO         4942    x$fpl$dfix          fz_ws.l(dfix.o)
    0x0800679a   0x0000002e   Code   RO         4951    x$fpl$dflt          fz_ws.l(dflt_clz.o)
    0x080067c8   0x00000078   Code   RO         4956    x$fpl$dleqf         fz_ws.l(dleqf.o)
    0x08006840   0x00000154   Code   RO         4958    x$fpl$dmul          fz_ws.l(dmul.o)
    0x08006994   0x0000009c   Code   RO         5004    x$fpl$dnaninf       fz_ws.l(dnaninf.o)
    0x08006a30   0x0000000c   Code   RO         5006    x$fpl$dretinf       fz_ws.l(dretinf.o)
    0x08006a3c   0x0000006c   Code   RO         4960    x$fpl$drleqf        fz_ws.l(drleqf.o)
    0x08006aa8   0x000001d4   Code   RO         4934    x$fpl$dsub          fz_ws.l(daddsub_clz.o)
    0x08006c7c   0x00000056   Code   RO         4962    x$fpl$f2d           fz_ws.l(f2d.o)
    0x08006cd2   0x00000002   PAD
    0x08006cd4   0x000000c4   Code   RO         4964    x$fpl$fadd          fz_ws.l(faddsub_clz.o)
    0x08006d98   0x00000018   Code   RO         5008    x$fpl$fcmpinf       fz_ws.l(fcmpi.o)
    0x08006db0   0x00000184   Code   RO         4971    x$fpl$fdiv          fz_ws.l(fdiv.o)
    0x08006f34   0x00000068   Code   RO         4974    x$fpl$feqf          fz_ws.l(feqf.o)
    0x08006f9c   0x00000036   Code   RO         4976    x$fpl$ffix          fz_ws.l(ffix.o)
    0x08006fd2   0x00000002   PAD
    0x08006fd4   0x00000030   Code   RO         4981    x$fpl$fflt          fz_ws.l(fflt_clz.o)
    0x08007004   0x00000068   Code   RO         4986    x$fpl$fleqf         fz_ws.l(fleqf.o)
    0x0800706c   0x00000102   Code   RO         4988    x$fpl$fmul          fz_ws.l(fmul.o)
    0x0800716e   0x0000008c   Code   RO         5010    x$fpl$fnaninf       fz_ws.l(fnaninf.o)
    0x080071fa   0x0000000a   Code   RO         5012    x$fpl$fretinf       fz_ws.l(fretinf.o)
    0x08007204   0x00000062   Code   RO         4990    x$fpl$frleqf        fz_ws.l(frleqf.o)
    0x08007266   0x00000014   Code   RO         4965    x$fpl$frsb          fz_ws.l(faddsub_clz.o)
    0x0800727a   0x00000002   PAD
    0x0800727c   0x000000ea   Code   RO         4966    x$fpl$fsub          fz_ws.l(faddsub_clz.o)
    0x08007366   0x00000000   Code   RO         5014    x$fpl$usenofp       fz_ws.l(usenofp.o)
    0x08007366   0x00000018   Data   RO          378    .constdata          system_stm32f1xx.o
    0x0800737e   0x00004740   Data   RO         3843    .constdata          lcd.o
    0x0800babe   0x00000002   PAD
    0x0800bac0   0x00000060   Data   RO         4746    .constdata          overall_control.o
    0x0800bb20   0x00000028   Data   RO         4879    .constdata          c_w.l(_printf_hex_int.o)
    0x0800bb48   0x00000011   Data   RO         4914    .constdata          c_w.l(__printf_flags_ss_wp.o)
    0x0800bb59   0x00000003   PAD
    0x0800bb5c   0x00000028   Data   RO         4480    .conststring        usmart.o
    0x0800bb84   0x0000006b   Data   RO         4557    .conststring        usmart_config.o
    0x0800bbef   0x00000001   PAD
    0x0800bbf0   0x00000020   Data   RO         5170    Region$$Table       anon$$obj.o


    Execution Region RW_IRAM1 (Base: 0x20000000, Size: 0x00000c70, Max: 0x00010000, ABSOLUTE, COMPRESSED[0x0000006c])

    Base Addr    Size         Type   Attr      Idx    E Section Name        Object

    0x20000000   0x00000004   Data   RW          379    .data               system_stm32f1xx.o
    0x20000004   0x00000009   Data   RW          527    .data               stm32f1xx_hal.o
    0x2000000d   0x00000003   PAD
    0x20000010   0x00000004   Data   RW         3657    .data               delay.o
    0x20000014   0x00000006   Data   RW         3742    .data               usart.o
    0x2000001a   0x00000002   PAD
    0x2000001c   0x00000008   Data   RW         3844    .data               lcd.o
    0x20000024   0x00000002   Data   RW         4034    .data               key.o
    0x20000026   0x0000000c   Data   RW         4083    .data               can.o
    0x20000032   0x00000002   PAD
    0x20000034   0x00000018   Data   RW         4180    .data               pid.o
    0x2000004c   0x00000016   Data   RW         4232    .data               encoder.o
    0x20000062   0x00000001   Data   RW         4343    .data               raspi.o
    0x20000063   0x00000001   PAD
    0x20000064   0x0000000d   Data   RW         4415    .data               servo.o
    0x20000071   0x00000003   PAD
    0x20000074   0x0000001c   Data   RW         4481    .data               usmart.o
    0x20000090   0x00000114   Data   RW         4558    .data               usmart_config.o
    0x200001a4   0x0000000c   Data   RW         4672    .data               underpan_control.o
    0x200001b0   0x00000040   Data   RW         4747    .data               overall_control.o
    0x200001f0   0x000000e4   Zero   RW         3741    .bss                usart.o
    0x200002d4   0x00000056   Zero   RW         3842    .bss                lcd.o
    0x2000032a   0x00000002   PAD
    0x2000032c   0x000000b8   Zero   RW         4082    .bss                can.o
    0x200003e4   0x00000060   Zero   RW         4178    .bss                pid.o
    0x20000444   0x00000070   Zero   RW         4231    .bss                encoder.o
    0x200004b4   0x00000040   Zero   RW         4290    .bss                timer.o
    0x200004f4   0x00000053   Zero   RW         4342    .bss                raspi.o
    0x20000547   0x00000001   PAD
    0x20000548   0x00000040   Zero   RW         4414    .bss                servo.o
    0x20000588   0x00000040   Zero   RW         4479    .bss                usmart.o
    0x200005c8   0x00000048   Zero   RW         4745    .bss                overall_control.o
    0x20000610   0x00000060   Zero   RW         5049    .bss                c_w.l(libspace.o)
    0x20000670   0x00000200   Zero   RW          493    HEAP                startup_stm32f103xe.o
    0x20000870   0x00000400   Zero   RW          492    STACK               startup_stm32f103xe.o


==============================================================================

Image component sizes


      Code (inc. data)   RO Data    RW Data    ZI Data      Debug   Object Name

       964        114          0         12        184       7435   can.o
       116          8          0          4          0       1899   delay.o
      1592        152          0         22        112       4300   encoder.o
       172         20          0          2          0       2086   key.o
       730         48      18240          8         86       6384   lcd.o
       128         12          0          0          0        923   led.o
       124          4          0          0          0     508495   main.o
      3340        372         96         64         72      13218   overall_control.o
      1732        122          0         24         96       4492   pid.o
       256         24          0          1         83       3014   raspi.o
       240         38          0         13         64       3381   servo.o
        64         26        304          0       1536        808   startup_stm32f103xe.o
       152         32          0          9          0       6013   stm32f1xx_hal.o
      2500         74          0          0          0      16337   stm32f1xx_hal_can.o
       344         22          0          0          0      29965   stm32f1xx_hal_cortex.o
       424         10          0          0          0       1255   stm32f1xx_hal_dma.o
       860         40          0          0          0       3387   stm32f1xx_hal_gpio.o
         2          0          0          0          0        430   stm32f1xx_hal_msp.o
      1784        110          0          0          0       6140   stm32f1xx_hal_rcc.o
       664         22          0          0          0       5635   stm32f1xx_hal_tim.o
         4          0          0          0          0       1577   stm32f1xx_hal_tim_ex.o
      1654         10          0          0          0       9599   stm32f1xx_hal_uart.o
        32          0          0          0          0       3902   stm32f1xx_it.o
        86          0          0          0          0        699   sys.o
        88         18         24          4          0       1139   system_stm32f1xx.o
       200         36          0          0         64       2904   timer.o
       368         46          0         12          0       3553   underpan_control.o
        32          4          0          6        228       3014   usart.o
      3198       1354         40         28         64       7715   usmart.o
         0          0        107        276          0       1596   usmart_config.o
      1400         20          0          0          0       8653   usmart_str.o

    ----------------------------------------------------------------------
     23274       2738      18846        496       2592     669948   Object Totals
         0          0         32          0          0          0   (incl. Generated)
        24          0          3         11          3          0   (incl. Padding)

    ----------------------------------------------------------------------

      Code (inc. data)   RO Data    RW Data    ZI Data      Debug   Library Member Name

        90          0          0          0          0          0   __dczerorl2.o
         8          0          0          0          0         68   __main.o
       392          4         17          0          0         92   __printf_flags_ss_wp.o
        14          0          0          0          0         68   __printf_wp.o
         0          0          0          0          0          0   __rtentry.o
        12          0          0          0          0          0   __rtentry2.o
         6          0          0          0          0          0   __rtentry4.o
        52          8          0          0          0          0   __scatter.o
        28          0          0          0          0          0   __scatter_zi.o
         6          0          0          0          0          0   _printf_c.o
        44          0          0          0          0        108   _printf_char.o
        48          6          0          0          0         96   _printf_char_common.o
        36          4          0          0          0         80   _printf_char_file.o
         6          0          0          0          0          0   _printf_d.o
       120         16          0          0          0         92   _printf_dec.o
        88          4         40          0          0         88   _printf_hex_int.o
       178          0          0          0          0         88   _printf_intcommon.o
        78          0          0          0          0        108   _printf_pad.o
         0          0          0          0          0          0   _printf_percent.o
         4          0          0          0          0          0   _printf_percent_end.o
         6          0          0          0          0          0   _printf_s.o
        82          0          0          0          0         80   _printf_str.o
         6          0          0          0          0          0   _printf_u.o
         6          0          0          0          0          0   _printf_x.o
        12          0          0          0          0         72   exit.o
         8          0          0          0          0         68   ferror.o
         6          0          0          0          0        152   heapauxi.o
         2          0          0          0          0          0   libinit.o
         2          0          0          0          0          0   libinit2.o
         2          0          0          0          0          0   libshutdown.o
         2          0          0          0          0          0   libshutdown2.o
         8          4          0          0         96         68   libspace.o
        24          4          0          0          0         84   noretval__2printf.o
       100          0          0          0          0         80   rt_memcpy_w.o
         2          0          0          0          0          0   rtexit.o
        10          0          0          0          0          0   rtexit2.o
       128          0          0          0          0         68   strcmpv7m.o
        74          0          0          0          0         80   sys_stackheap_outer.o
         2          0          0          0          0         68   use_no_semi.o
         2          0          0          0          0         68   use_no_semi_2.o
        98          4          0          0          0         92   d2f.o
       804         16          0          0          0        272   daddsub_clz.o
        24          0          0          0          0         68   dcmpi.o
       688        140          0          0          0        208   ddiv.o
        94          4          0          0          0         92   dfix.o
        46          0          0          0          0         68   dflt_clz.o
       120          4          0          0          0         92   dleqf.o
       340         12          0          0          0        104   dmul.o
       156          4          0          0          0         92   dnaninf.o
        12          0          0          0          0         68   dretinf.o
       108          0          0          0          0         80   drleqf.o
        86          4          0          0          0         84   f2d.o
       450          8          0          0          0        236   faddsub_clz.o
        24          0          0          0          0         68   fcmpi.o
       388         76          0          0          0         96   fdiv.o
       104          4          0          0          0         84   feqf.o
        54          4          0          0          0         84   ffix.o
        48          0          0          0          0         68   fflt_clz.o
       104          4          0          0          0         84   fleqf.o
       258          4          0          0          0         84   fmul.o
       140          4          0          0          0         84   fnaninf.o
        10          0          0          0          0         68   fretinf.o
        98          0          0          0          0         68   frleqf.o
         0          0          0          0          0          0   usenofp.o

    ----------------------------------------------------------------------
      5964        342         60          0         96       4120   Library Totals
        16          0          3          0          0          0   (incl. Padding)

    ----------------------------------------------------------------------

      Code (inc. data)   RO Data    RW Data    ZI Data      Debug   Library Name

      1694         50         57          0         96       1776   c_w.l
      4254        292          0          0          0       2344   fz_ws.l

    ----------------------------------------------------------------------
      5964        342         60          0         96       4120   Library Totals

    ----------------------------------------------------------------------

==============================================================================


      Code (inc. data)   RO Data    RW Data    ZI Data      Debug   

     29238       3080      18906        496       2688     663612   Grand Totals
     29238       3080      18906        108       2688     663612   ELF Image Totals (compressed)
     29238       3080      18906        108          0          0   ROM Totals

==============================================================================

    Total RO  Size (Code + RO Data)                48144 (  47.02kB)
    Total RW  Size (RW Data + ZI Data)              3184 (   3.11kB)
    Total ROM Size (Code + RO Data + RW Data)      48252 (  47.12kB)

==============================================================================

